[08:41:04] [ServerMain/INFO]: [bootstrap] Running Java 21 (OpenJDK 64-Bit Server VM 21.0.5+11-LTS; Microsoft Microsoft-10376803) on Linux 6.5.0-1025-azure (amd64)
[08:41:04] [ServerMain/INFO]: [bootstrap] Loading Paper 1.21.1-132-ver/1.21.1@b48403b (2024-11-21T10:14:27Z) for Minecraft 1.21.1
[08:41:05] [ServerMain/INFO]: [PluginInitializerManager] Initializing plugins...
[08:41:06] [ServerMain/INFO]: [PluginInitializerManager] Initialized 11 plugins
[08:41:06] [ServerMain/INFO]: [PluginInitializerManager] Bukkit plugins (11):
 - Essentials (2.21.0-dev+162-ea3ea20), Geyser-Spigot (2.6.0-SNAPSHOT), PlaceholderAPI (2.11.6), SimpleScore (3.12.6-dev), TAB (5.0.4), Vault (1.7.3-b131), ViaBackwards (5.2.1), ViaRewind (4.0.5), ViaVersion (5.2.1), floodgate (2.2.3-SNAPSHOT (b114-83fbd6e)), playit-gg (0.1.4)
[08:41:12] [ServerMain/INFO]: Environment: Environment[sessionHost=https://sessionserver.mojang.com, servicesHost=https://api.minecraftservices.com, name=PROD]
[08:41:15] [ServerMain/INFO]: Loaded 1290 recipes
[08:41:15] [ServerMain/INFO]: Loaded 1399 advancements
[08:41:16] [Server thread/INFO]: Starting minecraft server version 1.21.1
[08:41:16] [Server thread/WARN]: ****************************
[08:41:16] [Server thread/WARN]: YOU ARE RUNNING THIS SERVER AS AN ADMINISTRATIVE OR ROOT USER. THIS IS NOT ADVISED.
[08:41:16] [Server thread/WARN]: YOU ARE OPENING YOURSELF UP TO POTENTIAL RISKS WHEN DOING THIS.
[08:41:16] [Server thread/WARN]: FOR MORE INFORMATION, SEE https://madelinemiller.dev/blog/root-minecraft-server/
[08:41:16] [Server thread/WARN]: ****************************
[08:41:16] [Server thread/INFO]: Loading properties
[08:41:16] [Server thread/INFO]: This server is running Paper version 1.21.1-132-ver/1.21.1@b48403b (2024-11-21T10:14:27Z) (Implementing API version 1.21.1-R0.1-SNAPSHOT)
[08:41:17] [Server thread/INFO]: [spark] This server bundles the spark profiler. For more information please visit https://docs.papermc.io/paper/profiling
[08:41:17] [Server thread/INFO]: Server Ping Player Sample Count: 12
[08:41:17] [Server thread/INFO]: Using 4 threads for Netty based IO
[08:41:18] [Server thread/INFO]: [ChunkTaskScheduler] Chunk system is using 1 I/O threads, 1 worker threads, and population gen parallelism of 1 threads
[08:41:19] [Server thread/INFO]: Default game type: SURVIVAL
[08:41:19] [Server thread/INFO]: Generating keypair
[08:41:19] [Server thread/INFO]: Starting Minecraft server on *:25565
[08:41:19] [Server thread/INFO]: Using epoll channel type
[08:41:19] [Server thread/INFO]: Paper: Using libdeflate (Linux x86_64) compression from Velocity.
[08:41:19] [Server thread/INFO]: Paper: Using OpenSSL 1.1.x (Linux x86_64) cipher from Velocity.
[08:41:20] [Server thread/INFO]: [ViaVersion] Loading server plugin ViaVersion v5.2.1
[08:41:20] [Server thread/INFO]: [ViaVersion] ViaVersion 5.2.1 is now loaded. Registering protocol transformers and injecting...
[08:41:21] [Via-Mappingloader-0/INFO]: [ViaVersion] Loading block connection mappings ...
[08:41:21] [Via-Mappingloader-0/INFO]: [ViaVersion] Using FastUtil Long2ObjectOpenHashMap for block connections
[08:41:21] [Server thread/INFO]: [ViaBackwards] Loading translations...
[08:41:21] [Server thread/INFO]: [ViaBackwards] Registering protocols...
[08:41:22] [Server thread/INFO]: [ViaRewind] Registering protocols...
[08:41:22] [Server thread/INFO]: [ViaBackwards] Loading server plugin ViaBackwards v5.2.1
[08:41:22] [Server thread/INFO]: [Vault] Loading server plugin Vault v1.7.3-b131
[08:41:22] [Server thread/INFO]: [PlaceholderAPI] Loading server plugin PlaceholderAPI v2.11.6
[08:41:22] [Server thread/INFO]: [floodgate] Loading server plugin floodgate v2.2.3-SNAPSHOT (b114-83fbd6e)
[08:41:23] [Server thread/WARN]: [floodgate] en_ is not a supported Floodgate language.
[08:41:23] [Server thread/INFO]: [floodgate] Took 841ms to boot Floodgate
[08:41:23] [Server thread/INFO]: [ViaRewind] Loading server plugin ViaRewind v4.0.5
[08:41:23] [Server thread/INFO]: [Essentials] Loading server plugin Essentials v2.21.0-dev+162-ea3ea20
[08:41:23] [Server thread/INFO]: [TAB] Loading server plugin TAB v5.0.4
[08:41:23] [Server thread/INFO]: [playit-gg] Loading server plugin playit-gg v0.1.4
[08:41:23] [Server thread/INFO]: [Geyser-Spigot] Loading server plugin Geyser-Spigot v2.6.0-SNAPSHOT
[08:41:24] [Server thread/INFO]: [Geyser-Spigot] Loading extensions...
[08:41:24] [Server thread/INFO]: [Geyser-Spigot] Loaded 0 extension(s)
[08:41:24] [Server thread/INFO]: [SimpleScore] Loading server plugin SimpleScore v3.12.6-dev
[08:41:24] [Server thread/INFO]: Server permissions file permissions.yml is empty, ignoring it
[08:41:24] [Server thread/INFO]: [Vault] Enabling Vault v1.7.3-b131
[08:41:25] [Server thread/INFO]: [Vault] [Economy] Essentials Economy found: Waiting
[08:41:25] [Server thread/INFO]: [Vault] [Permission] SuperPermissions loaded as backup permission system.
[08:41:25] [Server thread/INFO]: [Vault] Enabled Version 1.7.3-b131
[08:41:25] [Server thread/INFO]: [ViaRewind] Enabling ViaRewind v4.0.5
[08:41:25] [Server thread/WARN]: **** SERVER IS RUNNING IN OFFLINE/INSECURE MODE!
[08:41:25] [Server thread/WARN]: The server will make no attempt to authenticate usernames. Beware.
[08:41:25] [Server thread/WARN]: While this makes the game possible to play without internet access, it also opens up the ability for hackers to connect with any username they choose.
[08:41:25] [Server thread/WARN]: To change this, set "online-mode" to "true" in the server.properties file.
[08:41:25] [Server thread/INFO]: Preparing level "world"
[08:41:26] [Server thread/INFO]: Preparing start region for dimension minecraft:overworld
[08:41:28] [Server thread/INFO]: Time elapsed: 2184 ms
[08:41:28] [Server thread/INFO]: Preparing start region for dimension minecraft:the_nether
[08:41:28] [Server thread/INFO]: Time elapsed: 343 ms
[08:41:28] [Server thread/INFO]: Preparing start region for dimension minecraft:the_end
[08:41:28] [Server thread/INFO]: Time elapsed: 211 ms
[08:41:28] [Server thread/INFO]: [ViaVersion] Enabling ViaVersion v5.2.1
[08:41:28] [Server thread/INFO]: [ViaVersion] ViaVersion detected server version: 1.21-1.21.1 (767)
[08:41:29] [Server thread/INFO]: [ViaBackwards] Enabling ViaBackwards v5.2.1
[08:41:29] [Server thread/INFO]: [PlaceholderAPI] Enabling PlaceholderAPI v2.11.6
[08:41:29] [Server thread/INFO]: [PlaceholderAPI] Fetching available expansion information...
[08:41:29] [Server thread/INFO]: [floodgate] Enabling floodgate v2.2.3-SNAPSHOT (b114-83fbd6e)
[08:41:30] [Server thread/INFO]: [Essentials] Enabling Essentials v2.21.0-dev+162-ea3ea20
[08:41:30] [Server thread/ERROR]: [Essentials] You are running an unsupported server version!
[08:41:31] [Server thread/INFO]: [Essentials] Attempting to convert old kits in config.yml to new kits.yml
[08:41:31] [Server thread/INFO]: [Essentials] No kits found to migrate.
[08:41:31] [Server thread/INFO]: [Essentials] Selected 1.13+ Spawn Egg Provider as the provider for SpawnEggProvider
[08:41:31] [Server thread/INFO]: [Essentials] Selected Paper Serialization Provider as the provider for SerializationProvider
[08:41:31] [Server thread/INFO]: [Essentials] Selected Paper Tick Count Provider as the provider for TickCountProvider
[08:41:31] [Server thread/INFO]: [Essentials] Selected Paper Biome Key Provider as the provider for BiomeKeyProvider
[08:41:31] [Server thread/INFO]: [Essentials] Selected Reflection Sync Commands Provider as the provider for SyncCommandsProvider
[08:41:31] [Server thread/INFO]: [Essentials] Selected Reflection Formatted Command Alias Provider as the provider for FormattedCommandAliasProvider
[08:41:31] [Server thread/INFO]: [Essentials] Selected 1.20.5+ Banner Data Provider as the provider for BannerDataProvider
[08:41:31] [Server thread/INFO]: [Essentials] Selected 1.14+ Sign Data Provider as the provider for SignDataProvider
[08:41:31] [Server thread/INFO]: [Essentials] Selected 1.17.1+ World Info Provider as the provider for WorldInfoProvider
[08:41:31] [Server thread/INFO]: [Essentials] Selected 1.14.4+ Persistent Data Container Provider as the provider for PersistentDataProvider
[08:41:31] [Server thread/INFO]: [Essentials] Selected Reflection Online Mode Provider as the provider for OnlineModeProvider
[08:41:31] [Server thread/INFO]: [Essentials] Selected Paper Container Provider as the provider for ContainerProvider
[08:41:31] [Server thread/INFO]: [Essentials] Selected 1.8.3+ Spawner Item Provider as the provider for SpawnerItemProvider
[08:41:31] [Server thread/INFO]: [Essentials] Selected 1.11+ Item Unbreakable Provider as the provider for ItemUnbreakableProvider
[08:41:31] [Server thread/INFO]: [Essentials] Selected 1.20.6+ Potion Meta Provider as the provider for PotionMetaProvider
[08:41:31] [Server thread/INFO]: [Essentials] Selected Reflection Spawner Block Provider as the provider for SpawnerBlockProvider
[08:41:31] [Server thread/INFO]: [Essentials] Selected 1.21+ InventoryView Interface ABI Provider as the provider for InventoryViewProvider
[08:41:31] [Server thread/INFO]: [Essentials] Selected Paper Known Commands Provider as the provider for KnownCommandsProvider
[08:41:31] [Server thread/INFO]: [Essentials] Selected 1.20.4+ Damage Event Provider as the provider for DamageEventProvider
[08:41:31] [Server thread/INFO]: [Essentials] Selected Paper Material Tag Provider as the provider for MaterialTagProvider
[08:41:31] [Server thread/INFO]: [Essentials] Selected 1.12.2+ Player Locale Provider as the provider for PlayerLocaleProvider
[08:41:31] [Server thread/INFO]: [Essentials] Selected Paper Server State Provider as the provider for ServerStateProvider
[08:41:31] [Server thread/INFO]: [Essentials] Loaded 43465 items from items.json.
[08:41:31] [Server thread/INFO]: [Essentials] Using locale en
[08:41:31] [Server thread/INFO]: [Essentials] ServerListPingEvent: Spigot iterator API
[08:41:32] [Server thread/INFO]: [Essentials] Starting Metrics. Opt-out using the global bStats config.
[08:41:32] [Server thread/INFO]: [Vault] [Economy] Essentials Economy hooked.
[08:41:32] [Server thread/INFO]: [Essentials] Using superperms-based permissions.
[08:41:32] [Server thread/INFO]: [TAB] Enabling TAB v5.0.4
[08:41:32] [Server thread/INFO]: [TAB] Loaded NMS hook in 49ms
[08:41:33] [Server thread/INFO]: [TAB] Enabled in 750ms
[08:41:33] [Server thread/INFO]: [playit-gg] Enabling playit-gg v0.1.4
[08:41:33] [Server thread/INFO]: [Geyser-Spigot] Enabling Geyser-Spigot v2.6.0-SNAPSHOT
[08:41:33] [Thread-8/INFO]: [gg.playit.minecraft.PlayitKeysSetup] secret key found, checking
[08:41:33] [Thread-8/INFO]: [gg.playit.minecraft.PlayitKeysSetup] check secret
[08:41:34] [Server thread/INFO]: [SimpleScore] Enabling SimpleScore v3.12.6-dev
[08:41:35] [Server thread/INFO]: [SimpleScore] It looks like your server doesn't have ProtocolLib, install ProtocolLib for even better performance and compatibility with other plugins.
[08:41:35] [Server thread/INFO]: [SimpleScore] https://www.spigotmc.org/resources/protocollib.1997/
[08:41:35] [Server thread/INFO]: [PlaceholderAPI] Successfully registered internal expansion: SimpleScore [3.12.6-dev]
[08:41:35] [Thread-8/INFO]: [gg.playit.minecraft.PlayitKeysSetup] found minecraft java tunnel: environment-classic.joinmc.link
[08:41:35] [Thread-8/INFO]: [gg.playit.minecraft.PlayitManager] keys and tunnel setup
[08:41:35] [Thread-8/INFO]: playit.gg: tunnel setup
[08:41:35] [Thread-8/WARN]: [gg.playit.control.ChannelSetup] Got IO error working with :control.playit.gg/2602:fbaf:848:0:0:0:0:1, error : java.net.SocketException: Network is unreachable
[08:41:35] [Server thread/INFO]: [spark] Starting background profiler...
[08:41:35] [Thread-8/INFO]: [gg.playit.control.ChannelSetup] request queued, waiting 1 second before resend
[08:41:36] [Server thread/INFO]: [PlaceholderAPI] Placeholder expansion registration initializing...
[08:41:36] [Server thread/INFO]: [Geyser-Spigot] ******************************************
[08:41:36] [Server thread/INFO]: [Geyser-Spigot] 
[08:41:36] [Server thread/INFO]: [Geyser-Spigot] Loading Geyser version 2.6.0-b752 (git-master-c666028)
[08:41:36] [Server thread/INFO]: [Geyser-Spigot] 
[08:41:36] [Server thread/INFO]: [Geyser-Spigot] ******************************************
[08:41:36] [Thread-8/INFO]: [gg.playit.control.ChannelSetup] request queued, waiting 1 second before resend
[08:41:42] [epollEventLoopGroup-4-2/INFO]: [Geyser-Spigot] Started Geyser on UDP port 60795
[08:41:42] [Server thread/INFO]: [Geyser-Spigot] Done (5.848s)! Run /geyser help for help!
[08:41:42] [Server thread/INFO]: Done preparing level "world" (17.274s)
[08:41:42] [Server thread/INFO]: Running delayed init tasks
[08:41:42] [Craft Scheduler Thread - 2 - ViaVersion/INFO]: [ViaVersion] Finished mapping loading, shutting down loader executor.
[08:41:42] [Server thread/INFO]: [Essentials] Essentials found a compatible payment resolution method: Vault Compatibility Layer (v1.7.3-b131)!
[08:41:42] [Craft Scheduler Thread - 0 - Essentials/INFO]: [Essentials] Fetching version information...
[08:41:42] [Craft Scheduler Thread - 2 - Vault/INFO]: [Vault] Checking for Updates ... 
[08:41:42] [Craft Scheduler Thread - 2 - Vault/INFO]: [Vault] No new version available
[08:41:42] [Server thread/INFO]: 0 placeholder hook(s) registered!
[08:41:42] [Server thread/INFO]: Done (39.184s)! For help, type "help"
[08:41:42] [Server thread/INFO]: Timings Reset
[08:42:18] [Server thread/INFO]: Server Plugins (11):
[08:42:18] [Server thread/INFO]: Bukkit Plugins:
[08:42:18] [Server thread/INFO]:  - Essentials, floodgate, Geyser-Spigot, PlaceholderAPI, playit-gg, SimpleScore, TAB, Vault, ViaBackwards, ViaRewind
[08:42:18] [Server thread/INFO]:  ViaVersion
[08:45:38] [Thread-8/INFO]: [gg.playit.control.ChannelSetup] send keep alive
[08:46:30] [Server thread/INFO]: Server Plugins (11):
[08:46:30] [Server thread/INFO]: Bukkit Plugins:
[08:46:30] [Server thread/INFO]:  - Essentials, floodgate, Geyser-Spigot, PlaceholderAPI, playit-gg, SimpleScore, TAB, Vault, ViaBackwards, ViaRewind
[08:46:30] [Server thread/INFO]:  ViaVersion
[08:46:38] [Server thread/INFO]: [Essentials] CONSOLE issued server command: /list 
[08:46:38] [Server thread/INFO]: There are 0 out of maximum 20 players online.
[08:49:38] [Thread-8/INFO]: [gg.playit.control.ChannelSetup] send keep alive
[08:53:38] [Thread-8/INFO]: [gg.playit.control.ChannelSetup] send keep alive
[08:57:38] [Thread-8/INFO]: [gg.playit.control.ChannelSetup] send keep alive
[09:01:38] [Thread-8/INFO]: [gg.playit.control.ChannelSetup] send keep alive
[09:05:39] [Thread-8/INFO]: [gg.playit.control.ChannelSetup] send keep alive
[09:09:39] [Thread-8/INFO]: [gg.playit.control.ChannelSetup] send keep alive
[09:13:39] [Thread-8/INFO]: [gg.playit.control.ChannelSetup] send keep alive
[09:17:39] [Thread-8/INFO]: [gg.playit.control.ChannelSetup] send keep alive
[09:21:40] [Thread-8/INFO]: [gg.playit.control.ChannelSetup] send keep alive
[09:25:40] [Thread-8/INFO]: [gg.playit.control.ChannelSetup] send keep alive
[09:29:40] [Thread-8/INFO]: [gg.playit.control.ChannelSetup] send keep alive
[09:33:40] [Thread-8/INFO]: [gg.playit.control.ChannelSetup] send keep alive
[09:37:40] [Thread-8/INFO]: [gg.playit.control.ChannelSetup] send keep alive
[09:41:41] [Thread-8/INFO]: [gg.playit.control.ChannelSetup] send keep alive
[09:44:08] [Thread-8/INFO]: [gg.playit.minecraft.PlayitManager] got new client: NewClient{connectAddr=[2602:fbaf:080c:0001:0000:0000:0000:00b5]:60795, peerAddr=[2001:19f0:6402:08f2:5400:05ff:fe0c:67c3]:52964, claimAddress=209.25.142.2:43786, claimToken=[64, 0, 88, 38, 2, -5, -81, 8, 12, 0, 1, 0, 0, 0, 0, 0, 0, 0, -75, -19, 123, 32, 1, 25, -16, 100, 2, 8, -14, 84, 0, 5, -1, -2, 12, 103, -61, -50, -28, 0, 0, 0, 0, 94, -94, 101, 13, -85, 10, 103, -103, -8, 104, 0, 0, 0, 0, 0, 15, -105, 111, 0, 0, 0, 0, 0, 61, -3, -114, -55, 13, -85, 10, 0, 0, 0, 0, 44, 0, 0, 0, 0, 0, 0, 0, 1, 0, 2, -127, 71, -83, -23, -47, 41, -60, -59, 1, 60, 22, -39, -125, 88, 87, -55], tunnelServerId=1, dataCenterId=44}
[09:44:08] [Thread-8/INFO]: [gg.playit.minecraft.PlayitManager] starting tcp tunnel for client
[09:44:09] [Thread-8/INFO]: [gg.playit.minecraft.PlayitTcpTunnel] start connection to /209.25.142.2:43786 to claim client
[09:44:09] [Thread-8/INFO]: [gg.playit.minecraft.PlayitManager] got new client: NewClient{connectAddr=147.185.221.181:60795, peerAddr=216.128.138.102:51536, claimAddress=209.25.142.2:43786, claimToken=[44, 0, 60, -109, -71, -35, -75, -19, 123, -40, -128, -118, 102, -55, 80, 116, 114, 112, 119, -85, 10, 103, -103, -8, 104, 0, 0, 0, 0, 0, 15, -105, 111, 0, 0, 0, 0, 0, 61, -3, -114, 41, 119, -85, 10, 0, 0, 0, 0, 44, 0, 0, 0, 0, 0, 0, 0, 1, 0, 3, 59, -94, 61, 107, 89, -106, 37, -19, -17, 43, -21, 23, -30, -127, 90, -75], tunnelServerId=1, dataCenterId=44}
[09:44:09] [Thread-8/INFO]: [gg.playit.minecraft.PlayitManager] starting tcp tunnel for client
[09:44:09] [Thread-8/INFO]: [gg.playit.minecraft.PlayitTcpTunnel] start connection to /209.25.142.2:43786 to claim client
[09:44:09] [nioEventLoopGroup-2-1/INFO]: [gg.playit.minecraft.PlayitTcpTunnel] connected to tunnel server, sending claim token
[09:44:09] [nioEventLoopGroup-2-1/INFO]: [gg.playit.minecraft.PlayitTcpTunnel] claim token sent
[09:44:09] [nioEventLoopGroup-2-1/INFO]: [gg.playit.minecraft.PlayitTcpTunnel] connection to tunnel server has been established
[09:44:09] [nioEventLoopGroup-2-2/INFO]: [gg.playit.minecraft.PlayitTcpTunnel] connected to tunnel server, sending claim token
[09:44:09] [nioEventLoopGroup-2-2/INFO]: [gg.playit.minecraft.PlayitTcpTunnel] claim token sent
[09:44:09] [nioEventLoopGroup-2-2/INFO]: [gg.playit.minecraft.PlayitTcpTunnel] connection to tunnel server has been established
[09:44:09] [nioEventLoopGroup-2-2/INFO]: [gg.playit.minecraft.PlayitTcpTunnel] Reflect: ReflectionHelper{ServerConnection=class net.minecraft.server.network.ServerConnectionListener, LegacyPingHandler=class net.minecraft.server.network.LegacyQueryHandler, MinecraftServer=class net.minecraft.server.MinecraftServer, PacketSplitter=class net.minecraft.network.Varint21FrameDecoder, PacketDecoder=class net.minecraft.network.PacketDecoder, EnumProtocolDirection=class net.minecraft.network.protocol.PacketFlow, PacketPrepender=class net.minecraft.network.Varint21LengthFieldPrepender, PacketEncoder=class net.minecraft.network.PacketEncoder, NetworkManagerServer=class net.minecraft.network.RateKickingConnection, NetworkManager=class net.minecraft.network.Connection, HandshakeListener=class net.minecraft.server.network.ServerHandshakePacketListenerImpl, PacketListener=interface net.minecraft.network.PacketListener, CraftServer=class org.bukkit.craftbukkit.CraftServer}
[09:44:09] [nioEventLoopGroup-2-2/INFO]: [gg.playit.minecraft.PlayitTcpTunnel] legacyPingHandler is null
[09:44:09] [nioEventLoopGroup-2-2/INFO]: [gg.playit.minecraft.PlayitTcpTunnel] connecting to minecraft server at localhost/127.0.0.1:25565
[09:44:09] [nioEventLoopGroup-2-1/INFO]: [gg.playit.minecraft.PlayitTcpTunnel] Reflect: ReflectionHelper{ServerConnection=class net.minecraft.server.network.ServerConnectionListener, LegacyPingHandler=class net.minecraft.server.network.LegacyQueryHandler, MinecraftServer=class net.minecraft.server.MinecraftServer, PacketSplitter=class net.minecraft.network.Varint21FrameDecoder, PacketDecoder=class net.minecraft.network.PacketDecoder, EnumProtocolDirection=class net.minecraft.network.protocol.PacketFlow, PacketPrepender=class net.minecraft.network.Varint21LengthFieldPrepender, PacketEncoder=class net.minecraft.network.PacketEncoder, NetworkManagerServer=class net.minecraft.network.RateKickingConnection, NetworkManager=class net.minecraft.network.Connection, HandshakeListener=class net.minecraft.server.network.ServerHandshakePacketListenerImpl, PacketListener=interface net.minecraft.network.PacketListener, CraftServer=class org.bukkit.craftbukkit.CraftServer}
[09:44:09] [nioEventLoopGroup-2-1/INFO]: [gg.playit.minecraft.PlayitTcpTunnel] legacyPingHandler is null
[09:44:09] [nioEventLoopGroup-2-1/INFO]: [gg.playit.minecraft.PlayitTcpTunnel] connecting to minecraft server at localhost/127.0.0.1:25565
[09:44:09] [nioEventLoopGroup-2-3/INFO]: [gg.playit.minecraft.PlayitTcpTunnel] connected to local minecraft server
[09:44:09] [nioEventLoopGroup-2-4/INFO]: [gg.playit.minecraft.PlayitTcpTunnel] connected to local minecraft server
[09:44:10] [Thread-8/INFO]: [gg.playit.minecraft.PlayitManager] got new client: NewClient{connectAddr=147.185.221.181:60795, peerAddr=216.128.138.102:51562, claimAddress=209.25.142.2:43786, claimToken=[44, 0, 60, -109, -71, -35, -75, -19, 123, -40, -128, -118, 102, -55, 106, -38, 3, -18, 41, -85, 10, 103, -103, -8, 106, 0, 0, 0, 0, 0, 15, -105, 111, 0, 0, 0, 0, 0, 61, -3, -114, -24, 41, -85, 10, 0, 0, 0, 0, 44, 0, 0, 0, 0, 0, 0, 0, 1, 0, 4, 51, 72, -69, -44, 75, 14, 2, 49, 14, 103, 90, 36, -87, 26, 86, 116], tunnelServerId=1, dataCenterId=44}
[09:44:10] [Thread-8/INFO]: [gg.playit.minecraft.PlayitManager] starting tcp tunnel for client
[09:44:10] [Thread-8/INFO]: [gg.playit.minecraft.PlayitTcpTunnel] start connection to /209.25.142.2:43786 to claim client
[09:44:10] [nioEventLoopGroup-2-1/INFO]: [gg.playit.minecraft.PlayitTcpTunnel] connected to tunnel server, sending claim token
[09:44:10] [nioEventLoopGroup-2-1/INFO]: [gg.playit.minecraft.PlayitTcpTunnel] claim token sent
[09:44:10] [nioEventLoopGroup-2-1/INFO]: [gg.playit.minecraft.PlayitTcpTunnel] connection to tunnel server has been established
[09:44:10] [nioEventLoopGroup-2-1/INFO]: [gg.playit.minecraft.PlayitTcpTunnel] Reflect: ReflectionHelper{ServerConnection=class net.minecraft.server.network.ServerConnectionListener, LegacyPingHandler=class net.minecraft.server.network.LegacyQueryHandler, MinecraftServer=class net.minecraft.server.MinecraftServer, PacketSplitter=class net.minecraft.network.Varint21FrameDecoder, PacketDecoder=class net.minecraft.network.PacketDecoder, EnumProtocolDirection=class net.minecraft.network.protocol.PacketFlow, PacketPrepender=class net.minecraft.network.Varint21LengthFieldPrepender, PacketEncoder=class net.minecraft.network.PacketEncoder, NetworkManagerServer=class net.minecraft.network.RateKickingConnection, NetworkManager=class net.minecraft.network.Connection, HandshakeListener=class net.minecraft.server.network.ServerHandshakePacketListenerImpl, PacketListener=interface net.minecraft.network.PacketListener, CraftServer=class org.bukkit.craftbukkit.CraftServer}
[09:44:10] [nioEventLoopGroup-2-1/INFO]: [gg.playit.minecraft.PlayitTcpTunnel] legacyPingHandler is null
[09:44:10] [nioEventLoopGroup-2-1/INFO]: [gg.playit.minecraft.PlayitTcpTunnel] connecting to minecraft server at localhost/127.0.0.1:25565
[09:44:10] [nioEventLoopGroup-2-2/INFO]: [gg.playit.minecraft.PlayitTcpTunnel] connected to local minecraft server
[09:44:12] [Thread-8/INFO]: [gg.playit.minecraft.PlayitManager] got new client: NewClient{connectAddr=147.185.221.181:60795, peerAddr=216.128.138.102:51584, claimAddress=209.25.142.2:43786, claimToken=[44, 0, 60, -109, -71, -35, -75, -19, 123, -40, -128, -118, 102, -55, -128, 56, 81, 55, 113, -85, 10, 103, -103, -8, 108, 0, 0, 0, 0, 0, 15, -105, 111, 0, 0, 0, 0, 0, 61, -3, -114, 104, 113, -85, 10, 0, 0, 0, 0, 44, 0, 0, 0, 0, 0, 0, 0, 1, 0, 2, -94, 75, -95, -23, -74, 53, -40, 90, -10, -20, 117, 69, 57, 36, -91, 47], tunnelServerId=1, dataCenterId=44}
[09:44:12] [Thread-8/INFO]: [gg.playit.minecraft.PlayitManager] starting tcp tunnel for client
[09:44:12] [Thread-8/INFO]: [gg.playit.minecraft.PlayitTcpTunnel] start connection to /209.25.142.2:43786 to claim client
[09:44:12] [nioEventLoopGroup-2-4/INFO]: [gg.playit.minecraft.PlayitTcpTunnel] connected to tunnel server, sending claim token
[09:44:12] [nioEventLoopGroup-2-4/INFO]: [gg.playit.minecraft.PlayitTcpTunnel] claim token sent
[09:44:12] [nioEventLoopGroup-2-4/INFO]: [gg.playit.minecraft.PlayitTcpTunnel] connection to tunnel server has been established
[09:44:12] [nioEventLoopGroup-2-4/INFO]: [gg.playit.minecraft.PlayitTcpTunnel] Reflect: ReflectionHelper{ServerConnection=class net.minecraft.server.network.ServerConnectionListener, LegacyPingHandler=class net.minecraft.server.network.LegacyQueryHandler, MinecraftServer=class net.minecraft.server.MinecraftServer, PacketSplitter=class net.minecraft.network.Varint21FrameDecoder, PacketDecoder=class net.minecraft.network.PacketDecoder, EnumProtocolDirection=class net.minecraft.network.protocol.PacketFlow, PacketPrepender=class net.minecraft.network.Varint21LengthFieldPrepender, PacketEncoder=class net.minecraft.network.PacketEncoder, NetworkManagerServer=class net.minecraft.network.RateKickingConnection, NetworkManager=class net.minecraft.network.Connection, HandshakeListener=class net.minecraft.server.network.ServerHandshakePacketListenerImpl, PacketListener=interface net.minecraft.network.PacketListener, CraftServer=class org.bukkit.craftbukkit.CraftServer}
[09:44:12] [nioEventLoopGroup-2-4/INFO]: [gg.playit.minecraft.PlayitTcpTunnel] legacyPingHandler is null
[09:44:12] [nioEventLoopGroup-2-4/INFO]: [gg.playit.minecraft.PlayitTcpTunnel] connecting to minecraft server at localhost/127.0.0.1:25565
[09:44:12] [nioEventLoopGroup-2-3/INFO]: [gg.playit.minecraft.PlayitTcpTunnel] connected to local minecraft server
[09:44:12] [Thread-8/INFO]: [gg.playit.minecraft.PlayitManager] got new client: NewClient{connectAddr=147.185.221.181:60795, peerAddr=216.128.138.102:51590, claimAddress=209.25.142.2:43786, claimToken=[44, 0, 60, -109, -71, -35, -75, -19, 123, -40, -128, -118, 102, -55, -122, -21, 23, 61, 15, -85, 10, 103, -103, -8, 108, 0, 0, 0, 0, 0, 15, -105, 111, 0, 0, 0, 0, 0, 61, -3, -114, -111, 15, -85, 10, 0, 0, 0, 0, 44, 0, 0, 0, 0, 0, 0, 0, 1, 0, 4, -56, 41, 84, -20, 1, -104, -91, -94, -14, 74, -102, -21, 45, 76, -11, 67], tunnelServerId=1, dataCenterId=44}
[09:44:12] [Thread-8/INFO]: [gg.playit.minecraft.PlayitManager] starting tcp tunnel for client
[09:44:12] [Thread-8/INFO]: [gg.playit.minecraft.PlayitTcpTunnel] start connection to /209.25.142.2:43786 to claim client
[09:44:12] [nioEventLoopGroup-2-1/INFO]: [gg.playit.minecraft.PlayitTcpTunnel] connected to tunnel server, sending claim token
[09:44:12] [nioEventLoopGroup-2-1/INFO]: [gg.playit.minecraft.PlayitTcpTunnel] claim token sent
[09:44:12] [nioEventLoopGroup-2-1/INFO]: [gg.playit.minecraft.PlayitTcpTunnel] connection to tunnel server has been established
[09:44:12] [nioEventLoopGroup-2-1/INFO]: [gg.playit.minecraft.PlayitTcpTunnel] Reflect: ReflectionHelper{ServerConnection=class net.minecraft.server.network.ServerConnectionListener, LegacyPingHandler=class net.minecraft.server.network.LegacyQueryHandler, MinecraftServer=class net.minecraft.server.MinecraftServer, PacketSplitter=class net.minecraft.network.Varint21FrameDecoder, PacketDecoder=class net.minecraft.network.PacketDecoder, EnumProtocolDirection=class net.minecraft.network.protocol.PacketFlow, PacketPrepender=class net.minecraft.network.Varint21LengthFieldPrepender, PacketEncoder=class net.minecraft.network.PacketEncoder, NetworkManagerServer=class net.minecraft.network.RateKickingConnection, NetworkManager=class net.minecraft.network.Connection, HandshakeListener=class net.minecraft.server.network.ServerHandshakePacketListenerImpl, PacketListener=interface net.minecraft.network.PacketListener, CraftServer=class org.bukkit.craftbukkit.CraftServer}
[09:44:12] [nioEventLoopGroup-2-1/INFO]: [gg.playit.minecraft.PlayitTcpTunnel] legacyPingHandler is null
[09:44:12] [nioEventLoopGroup-2-1/INFO]: [gg.playit.minecraft.PlayitTcpTunnel] connecting to minecraft server at localhost/127.0.0.1:25565
[09:44:12] [nioEventLoopGroup-2-2/INFO]: [gg.playit.minecraft.PlayitTcpTunnel] connected to local minecraft server
[09:44:13] [Thread-8/INFO]: [gg.playit.minecraft.PlayitManager] got new client: NewClient{connectAddr=147.185.221.181:60795, peerAddr=216.128.138.102:51594, claimAddress=209.25.142.2:43786, claimToken=[44, 0, 60, -109, -71, -35, -75, -19, 123, -40, -128, -118, 102, -55, -118, -69, 126, -35, 54, -85, 10, 103, -103, -8, 109, 0, 0, 0, 0, 0, 15, -105, 111, 0, 0, 0, 0, 0, 61, -3, -114, 5, 54, -85, 10, 0, 0, 0, 0, 44, 0, 0, 0, 0, 0, 0, 0, 1, 0, 4, 20, -126, 125, -120, 78, -111, -107, 80, 53, 75, -7, -87, 73, -68, -38, 79], tunnelServerId=1, dataCenterId=44}
[09:44:13] [Thread-8/INFO]: [gg.playit.minecraft.PlayitManager] starting tcp tunnel for client
[09:44:13] [Thread-8/INFO]: [gg.playit.minecraft.PlayitTcpTunnel] start connection to /209.25.142.2:43786 to claim client
[09:44:13] [nioEventLoopGroup-2-4/INFO]: [gg.playit.minecraft.PlayitTcpTunnel] connected to tunnel server, sending claim token
[09:44:13] [nioEventLoopGroup-2-4/INFO]: [gg.playit.minecraft.PlayitTcpTunnel] claim token sent
[09:44:13] [nioEventLoopGroup-2-4/INFO]: [gg.playit.minecraft.PlayitTcpTunnel] connection to tunnel server has been established
[09:44:13] [nioEventLoopGroup-2-4/INFO]: [gg.playit.minecraft.PlayitTcpTunnel] Reflect: ReflectionHelper{ServerConnection=class net.minecraft.server.network.ServerConnectionListener, LegacyPingHandler=class net.minecraft.server.network.LegacyQueryHandler, MinecraftServer=class net.minecraft.server.MinecraftServer, PacketSplitter=class net.minecraft.network.Varint21FrameDecoder, PacketDecoder=class net.minecraft.network.PacketDecoder, EnumProtocolDirection=class net.minecraft.network.protocol.PacketFlow, PacketPrepender=class net.minecraft.network.Varint21LengthFieldPrepender, PacketEncoder=class net.minecraft.network.PacketEncoder, NetworkManagerServer=class net.minecraft.network.RateKickingConnection, NetworkManager=class net.minecraft.network.Connection, HandshakeListener=class net.minecraft.server.network.ServerHandshakePacketListenerImpl, PacketListener=interface net.minecraft.network.PacketListener, CraftServer=class org.bukkit.craftbukkit.CraftServer}
[09:44:13] [nioEventLoopGroup-2-4/INFO]: [gg.playit.minecraft.PlayitTcpTunnel] legacyPingHandler is null
[09:44:13] [nioEventLoopGroup-2-4/INFO]: [gg.playit.minecraft.PlayitTcpTunnel] connecting to minecraft server at localhost/127.0.0.1:25565
[09:44:13] [nioEventLoopGroup-2-3/INFO]: [gg.playit.minecraft.PlayitTcpTunnel] connected to local minecraft server
[09:44:14] [Thread-8/INFO]: [gg.playit.minecraft.PlayitManager] got new client: NewClient{connectAddr=147.185.221.181:60795, peerAddr=216.128.138.102:51596, claimAddress=209.25.142.2:43786, claimToken=[44, 0, 60, -109, -71, -35, -75, -19, 123, -40, -128, -118, 102, -55, -116, -6, -77, -95, 79, -85, 10, 103, -103, -8, 110, 0, 0, 0, 0, 0, 15, -105, 111, 0, 0, 0, 0, 0, 61, -3, -114, -17, 79, -85, 10, 0, 0, 0, 0, 44, 0, 0, 0, 0, 0, 0, 0, 1, 0, 3, -55, -47, -70, 99, 68, -116, 54, -3, 110, -3, -72, -44, 64, -78, 9, 52], tunnelServerId=1, dataCenterId=44}
[09:44:14] [Thread-8/INFO]: [gg.playit.minecraft.PlayitManager] starting tcp tunnel for client
[09:44:14] [Thread-8/INFO]: [gg.playit.minecraft.PlayitTcpTunnel] start connection to /209.25.142.2:43786 to claim client
[09:44:14] [nioEventLoopGroup-2-1/INFO]: [gg.playit.minecraft.PlayitTcpTunnel] connected to tunnel server, sending claim token
[09:44:14] [nioEventLoopGroup-2-1/INFO]: [gg.playit.minecraft.PlayitTcpTunnel] claim token sent
[09:44:14] [nioEventLoopGroup-2-1/INFO]: [gg.playit.minecraft.PlayitTcpTunnel] connection to tunnel server has been established
[09:44:14] [nioEventLoopGroup-2-1/INFO]: [gg.playit.minecraft.PlayitTcpTunnel] Reflect: ReflectionHelper{ServerConnection=class net.minecraft.server.network.ServerConnectionListener, LegacyPingHandler=class net.minecraft.server.network.LegacyQueryHandler, MinecraftServer=class net.minecraft.server.MinecraftServer, PacketSplitter=class net.minecraft.network.Varint21FrameDecoder, PacketDecoder=class net.minecraft.network.PacketDecoder, EnumProtocolDirection=class net.minecraft.network.protocol.PacketFlow, PacketPrepender=class net.minecraft.network.Varint21LengthFieldPrepender, PacketEncoder=class net.minecraft.network.PacketEncoder, NetworkManagerServer=class net.minecraft.network.RateKickingConnection, NetworkManager=class net.minecraft.network.Connection, HandshakeListener=class net.minecraft.server.network.ServerHandshakePacketListenerImpl, PacketListener=interface net.minecraft.network.PacketListener, CraftServer=class org.bukkit.craftbukkit.CraftServer}
[09:44:14] [nioEventLoopGroup-2-1/INFO]: [gg.playit.minecraft.PlayitTcpTunnel] legacyPingHandler is null
[09:44:14] [nioEventLoopGroup-2-1/INFO]: [gg.playit.minecraft.PlayitTcpTunnel] connecting to minecraft server at localhost/127.0.0.1:25565
[09:44:14] [nioEventLoopGroup-2-2/INFO]: [gg.playit.minecraft.PlayitTcpTunnel] connected to local minecraft server
[09:44:18] [Thread-8/INFO]: [gg.playit.minecraft.PlayitManager] got new client: NewClient{connectAddr=147.185.221.181:60795, peerAddr=216.128.138.102:48196, claimAddress=209.25.142.2:43786, claimToken=[44, 0, 60, -109, -71, -35, -75, -19, 123, -40, -128, -118, 102, -68, 68, -62, 120, -11, -65, -85, 10, 103, -103, -8, 114, 0, 0, 0, 0, 0, 15, -105, 111, 0, 0, 0, 0, 0, 61, -3, -114, -11, -65, -85, 10, 0, 0, 0, 0, 44, 0, 0, 0, 0, 0, 0, 0, 1, 0, 1, -95, 121, 68, -10, 77, -50, -98, 91, -24, 26, 17, -67, 105, 15, -46, 76], tunnelServerId=1, dataCenterId=44}
[09:44:18] [Thread-8/INFO]: [gg.playit.minecraft.PlayitManager] starting tcp tunnel for client
[09:44:18] [Thread-8/INFO]: [gg.playit.minecraft.PlayitTcpTunnel] start connection to /209.25.142.2:43786 to claim client
[09:44:18] [nioEventLoopGroup-2-4/INFO]: [gg.playit.minecraft.PlayitTcpTunnel] connected to tunnel server, sending claim token
[09:44:18] [nioEventLoopGroup-2-4/INFO]: [gg.playit.minecraft.PlayitTcpTunnel] claim token sent
[09:44:18] [nioEventLoopGroup-2-4/INFO]: [gg.playit.minecraft.PlayitTcpTunnel] connection to tunnel server has been established
[09:44:18] [nioEventLoopGroup-2-4/INFO]: [gg.playit.minecraft.PlayitTcpTunnel] Reflect: ReflectionHelper{ServerConnection=class net.minecraft.server.network.ServerConnectionListener, LegacyPingHandler=class net.minecraft.server.network.LegacyQueryHandler, MinecraftServer=class net.minecraft.server.MinecraftServer, PacketSplitter=class net.minecraft.network.Varint21FrameDecoder, PacketDecoder=class net.minecraft.network.PacketDecoder, EnumProtocolDirection=class net.minecraft.network.protocol.PacketFlow, PacketPrepender=class net.minecraft.network.Varint21LengthFieldPrepender, PacketEncoder=class net.minecraft.network.PacketEncoder, NetworkManagerServer=class net.minecraft.network.RateKickingConnection, NetworkManager=class net.minecraft.network.Connection, HandshakeListener=class net.minecraft.server.network.ServerHandshakePacketListenerImpl, PacketListener=interface net.minecraft.network.PacketListener, CraftServer=class org.bukkit.craftbukkit.CraftServer}
[09:44:18] [nioEventLoopGroup-2-4/INFO]: [gg.playit.minecraft.PlayitTcpTunnel] legacyPingHandler is null
[09:44:18] [nioEventLoopGroup-2-4/INFO]: [gg.playit.minecraft.PlayitTcpTunnel] connecting to minecraft server at localhost/127.0.0.1:25565
[09:44:18] [nioEventLoopGroup-2-3/INFO]: [gg.playit.minecraft.PlayitTcpTunnel] connected to local minecraft server
[09:44:18] [Thread-8/INFO]: [gg.playit.minecraft.PlayitManager] got new client: NewClient{connectAddr=[2602:fbaf:080c:0001:0000:0000:0000:00b5]:60795, peerAddr=[2001:19f0:6402:08f2:5400:05ff:fe0c:67c3]:46682, claimAddress=209.25.142.2:43786, claimToken=[64, 0, 88, 38, 2, -5, -81, 8, 12, 0, 1, 0, 0, 0, 0, 0, 0, 0, -75, -19, 123, 32, 1, 25, -16, 100, 2, 8, -14, 84, 0, 5, -1, -2, 12, 103, -61, -74, 90, 0, 0, 0, 0, -91, -1, -76, -94, -85, 10, 103, -103, -8, 114, 0, 0, 0, 0, 0, 15, -105, 111, 0, 0, 0, 0, 0, 61, -3, -114, -99, -94, -85, 10, 0, 0, 0, 0, 44, 0, 0, 0, 0, 0, 0, 0, 1, 0, 2, -29, 122, 125, 39, 1, -52, 127, 24, -65, 71, 55, 25, -71, 6, -5, -73], tunnelServerId=1, dataCenterId=44}
[09:44:18] [Thread-8/INFO]: [gg.playit.minecraft.PlayitManager] starting tcp tunnel for client
[09:44:18] [Thread-8/INFO]: [gg.playit.minecraft.PlayitTcpTunnel] start connection to /209.25.142.2:43786 to claim client
[09:44:18] [nioEventLoopGroup-2-1/INFO]: [gg.playit.minecraft.PlayitTcpTunnel] connected to tunnel server, sending claim token
[09:44:18] [nioEventLoopGroup-2-1/INFO]: [gg.playit.minecraft.PlayitTcpTunnel] claim token sent
[09:44:18] [nioEventLoopGroup-2-1/INFO]: [gg.playit.minecraft.PlayitTcpTunnel] connection to tunnel server has been established
[09:44:18] [nioEventLoopGroup-2-1/INFO]: [gg.playit.minecraft.PlayitTcpTunnel] Reflect: ReflectionHelper{ServerConnection=class net.minecraft.server.network.ServerConnectionListener, LegacyPingHandler=class net.minecraft.server.network.LegacyQueryHandler, MinecraftServer=class net.minecraft.server.MinecraftServer, PacketSplitter=class net.minecraft.network.Varint21FrameDecoder, PacketDecoder=class net.minecraft.network.PacketDecoder, EnumProtocolDirection=class net.minecraft.network.protocol.PacketFlow, PacketPrepender=class net.minecraft.network.Varint21LengthFieldPrepender, PacketEncoder=class net.minecraft.network.PacketEncoder, NetworkManagerServer=class net.minecraft.network.RateKickingConnection, NetworkManager=class net.minecraft.network.Connection, HandshakeListener=class net.minecraft.server.network.ServerHandshakePacketListenerImpl, PacketListener=interface net.minecraft.network.PacketListener, CraftServer=class org.bukkit.craftbukkit.CraftServer}
[09:44:18] [nioEventLoopGroup-2-1/INFO]: [gg.playit.minecraft.PlayitTcpTunnel] legacyPingHandler is null
[09:44:18] [nioEventLoopGroup-2-1/INFO]: [gg.playit.minecraft.PlayitTcpTunnel] connecting to minecraft server at localhost/127.0.0.1:25565
[09:44:18] [nioEventLoopGroup-2-2/INFO]: [gg.playit.minecraft.PlayitTcpTunnel] connected to local minecraft server
[09:44:53] [Server thread/INFO]: [Essentials] CONSOLE issued server command: /list 
[09:44:53] [Server thread/INFO]: There are 0 out of maximum 20 players online.
[09:44:59] [Paper Async Task Handler Thread - 1/INFO]: [⚡] Generating server health report...
[09:44:59] [Paper Async Task Handler Thread - 1/INFO]: 
> TPS from last 5s, 10s, 1m, 5m, 15m:
    *20.0, 20.0, *20.0, *20.0, 20.0

> Tick durations (min/med/95%ile/max ms) from last 10s, 1m:
    0.0/0.1/0.2/2.7; 0.0/0.1/0.2/8.2

> CPU usage from last 10s, 1m, 15m:
    11%, 12%, 10%  (system)
    3%, 4%, 3%  (process)

> Memory usage:
    423.1 MB / 12.0 GB   (3%)
    [┃┃╻╻╻╻╻╻╻╻╻╻╻╻╻╻╻╻╻╻╻╻╻╻╻╻╻╻╻╻╻╻╻╻╻╻╻╻╻╻╻╻╻╻╻╻╻╻╻╻╻╻╻╻╻╻╻╻╻╻]

> Network usage: (system, last 15m)
    25.3 KB/s / 20 pps (lo rx)
    25.3 KB/s / 20 pps (lo tx)
    37.1 KB/s / 38 pps (eth0 rx)
    32.8 KB/s / 23 pps (eth0 tx)

> Disk usage:
    13.5 GB / 31.3 GB   (42%)
    [┃┃┃┃┃┃┃┃┃┃┃┃┃┃┃┃┃┃┃┃┃┃┃┃┃╻╻╻╻╻╻╻╻╻╻╻╻╻╻╻╻╻╻╻╻╻╻╻╻╻╻╻╻╻╻╻╻╻╻╻]

[09:45:07] [Paper Async Task Handler Thread - 1/INFO]: [⚡] Generating server health report...
[09:45:07] [Paper Async Task Handler Thread - 1/INFO]: 
> TPS from last 5s, 10s, 1m, 5m, 15m:
    20.0, *20.0, *20.0, 20.0, 20.0

> Tick durations (min/med/95%ile/max ms) from last 10s, 1m:
    0.1/0.1/0.2/1.3; 0.0/0.1/0.2/8.2

> CPU usage from last 10s, 1m, 15m:
    12%, 12%, 10%  (system)
    4%, 4%, 3%  (process)

> Memory usage:
    431.1 MB / 12.0 GB   (3%)
    [┃┃╻╻╻╻╻╻╻╻╻╻╻╻╻╻╻╻╻╻╻╻╻╻╻╻╻╻╻╻╻╻╻╻╻╻╻╻╻╻╻╻╻╻╻╻╻╻╻╻╻╻╻╻╻╻╻╻╻╻]

> Network usage: (system, last 15m)
    25.3 KB/s / 20 pps (lo rx)
    25.3 KB/s / 20 pps (lo tx)
    37.1 KB/s / 38 pps (eth0 rx)
    32.8 KB/s / 23 pps (eth0 tx)

> Disk usage:
    13.5 GB / 31.3 GB   (42%)
    [┃┃┃┃┃┃┃┃┃┃┃┃┃┃┃┃┃┃┃┃┃┃┃┃┃╻╻╻╻╻╻╻╻╻╻╻╻╻╻╻╻╻╻╻╻╻╻╻╻╻╻╻╻╻╻╻╻╻╻╻]

[09:45:42] [Thread-8/INFO]: [gg.playit.control.ChannelSetup] send keep alive
[09:49:43] [Thread-8/INFO]: [gg.playit.control.ChannelSetup] send keep alive
[09:53:43] [Thread-8/INFO]: [gg.playit.control.ChannelSetup] send keep alive
[09:57:43] [Thread-8/INFO]: [gg.playit.control.ChannelSetup] send keep alive
[10:01:43] [Thread-8/INFO]: [gg.playit.control.ChannelSetup] send keep alive
[10:05:43] [Thread-8/INFO]: [gg.playit.control.ChannelSetup] send keep alive
[10:09:44] [Thread-8/INFO]: [gg.playit.control.ChannelSetup] send keep alive
[10:13:44] [Thread-8/INFO]: [gg.playit.control.ChannelSetup] send keep alive
[10:17:44] [Thread-8/INFO]: [gg.playit.control.ChannelSetup] send keep alive
[10:21:44] [Thread-8/INFO]: [gg.playit.control.ChannelSetup] send keep alive
[10:25:45] [Thread-8/INFO]: [gg.playit.control.ChannelSetup] send keep alive
[10:29:45] [Thread-8/INFO]: [gg.playit.control.ChannelSetup] send keep alive
