[02:27:50] [ServerMain/INFO]: [bootstrap] Running Java 21 (OpenJDK 64-Bit Server VM 21.0.5+11-LTS; Microsoft Microsoft-10376803) on Linux 6.5.0-1025-azure (amd64)
[02:27:50] [ServerMain/INFO]: [bootstrap] Loading Purpur 1.21.1-2329-ver/1.21.1@803bf62 (2024-10-31T20:25:04Z) for Minecraft 1.21.1
[02:27:51] [ServerMain/INFO]: [PluginInitializerManager] Initializing plugins...
[02:27:51] [ServerMain/INFO]: [PluginInitializerManager] Initialized 16 plugins
[02:27:51] [ServerMain/INFO]: [PluginInitializerManager] Bukkit plugins (16):
 - ClearLag (3.2.2), ClearLagTimer (Build 36), DamageIndicator (2.2.0), Essentials (2.21.0-dev+162-ea3ea20), GSit (1.12.1), Multiverse-Core (4.3.14), PlaceholderAPI (2.11.6), SimpleScore (3.12.6-dev), SkinsRestorer (15.5.2), TAB (5.0.4), TerminatorPlus (4.5.0-BETA), Vault (1.7.3-b131), ViaBackwards (5.2.1), ViaRewind (4.0.5), ViaVersion (5.2.1), playit-gg (0.1.4)
[02:27:55] [ServerMain/INFO]: Environment: Environment[sessionHost=https://sessionserver.mojang.com, servicesHost=https://api.minecraftservices.com, name=PROD]
[02:27:57] [ServerMain/INFO]: Loaded 1290 recipes
[02:27:57] [ServerMain/INFO]: Loaded 1399 advancements
[02:27:57] [Server thread/INFO]: Starting minecraft server version 1.21.1
[02:27:57] [Server thread/INFO]: Loading properties
[02:27:57] [Server thread/INFO]: This server is running Purpur version 1.21.1-2329-ver/1.21.1@803bf62 (2024-10-31T20:25:04Z) (Implementing API version 1.21.1-R0.1-SNAPSHOT)
[02:27:58] [Server thread/INFO]: [spark] This server bundles the spark profiler. For more information please visit https://docs.papermc.io/paper/profiling
[02:27:58] [Server thread/INFO]: Server Ping Player Sample Count: 12
[02:27:58] [Server thread/INFO]: Using 4 threads for Netty based IO
[02:27:59] [Server thread/INFO]: [ChunkTaskScheduler] Chunk system is using 1 I/O threads, 1 worker threads, and population gen parallelism of 1 threads
[02:27:59] [Server thread/WARN]: [Pufferfish] SIMD operations are available for your server, but are not configured!
[02:27:59] [Server thread/WARN]: [Pufferfish] To enable additional optimizations, add "--add-modules=jdk.incubator.vector" to your startup flags, BEFORE the "-jar".
[02:27:59] [Server thread/WARN]: [Pufferfish] If you have already added this flag, then SIMD operations are not supported on your JVM or CPU.
[02:27:59] [Server thread/WARN]: [Pufferfish] Debug: Java: 21.0.5, test run: true
[02:27:59] [Server thread/INFO]: Default game type: SURVIVAL
[02:27:59] [Server thread/INFO]: Generating keypair
[02:27:59] [Server thread/INFO]: Starting Minecraft server on *:25565
[02:28:00] [Server thread/INFO]: Using epoll channel type
[02:28:00] [Server thread/INFO]: Paper: Using libdeflate (Linux x86_64) compression from Velocity.
[02:28:00] [Server thread/INFO]: Paper: Using OpenSSL 1.1.x (Linux x86_64) cipher from Velocity.
[02:28:00] [Server thread/INFO]: [ViaVersion] Loading server plugin ViaVersion v5.2.1
[02:28:00] [Server thread/INFO]: [ViaVersion] ViaVersion 5.2.1 is now loaded. Registering protocol transformers and injecting...
[02:28:01] [Via-Mappingloader-0/INFO]: [ViaVersion] Loading block connection mappings ...
[02:28:01] [Via-Mappingloader-0/INFO]: [ViaVersion] Using FastUtil Long2ObjectOpenHashMap for block connections
[02:28:01] [Server thread/INFO]: [ViaBackwards] Loading translations...
[02:28:01] [Server thread/INFO]: [ViaBackwards] Registering protocols...
[02:28:02] [Server thread/INFO]: [ViaRewind] Registering protocols...
[02:28:02] [Server thread/INFO]: [ViaBackwards] Loading server plugin ViaBackwards v5.2.1
[02:28:02] [Server thread/INFO]: [Vault] Loading server plugin Vault v1.7.3-b131
[02:28:02] [Server thread/INFO]: [PlaceholderAPI] Loading server plugin PlaceholderAPI v2.11.6
[02:28:02] [Server thread/INFO]: [ViaRewind] Loading server plugin ViaRewind v4.0.5
[02:28:02] [Server thread/INFO]: [ClearLag] Loading server plugin ClearLag v3.2.2
[02:28:02] [Server thread/INFO]: [Essentials] Loading server plugin Essentials v2.21.0-dev+162-ea3ea20
[02:28:02] [Server thread/INFO]: [TAB] Loading server plugin TAB v5.0.4
[02:28:02] [Server thread/INFO]: [DamageIndicator] Loading server plugin DamageIndicator v2.2.0
[02:28:02] [Server thread/INFO]: [playit-gg] Loading server plugin playit-gg v0.1.4
[02:28:02] [Server thread/INFO]: [Multiverse-Core] Loading server plugin Multiverse-Core v4.3.14
[02:28:02] [Server thread/INFO]: [SimpleScore] Loading server plugin SimpleScore v3.12.6-dev
[02:28:02] [Server thread/INFO]: [SkinsRestorer] Loading server plugin SkinsRestorer v15.5.2
[02:28:02] [Server thread/INFO]: [ClearLagTimer] Loading server plugin ClearLagTimer vBuild 36
[02:28:02] [Server thread/INFO]: [GSit] Loading server plugin GSit v1.12.1
[02:28:02] [Server thread/INFO]: [TerminatorPlus] Loading server plugin TerminatorPlus v4.5.0-BETA
[02:28:02] [Server thread/INFO]: Server permissions file permissions.yml is empty, ignoring it
[02:28:02] [Server thread/INFO]: [Vault] Enabling Vault v1.7.3-b131
[02:28:02] [Server thread/INFO]: [Vault] [Economy] Essentials Economy found: Waiting
[02:28:02] [Server thread/INFO]: [Vault] [Permission] SuperPermissions loaded as backup permission system.
[02:28:02] [Server thread/INFO]: [Vault] Enabled Version 1.7.3-b131
[02:28:02] [Server thread/INFO]: [ViaRewind] Enabling ViaRewind v4.0.5
[02:28:02] [Server thread/INFO]: [SkinsRestorer] Enabling SkinsRestorer v15.5.2
[02:28:03] [Server thread/WARN]: [SkinsRestorer] You must agree to the rules at 'commands.perSkinPermissionsConsent' in the config to use per skin permissions.
[02:28:03] [Server thread/INFO]: [SkinsRestorer] Running on Minecraft 1.21.1.
[02:28:04] [Server thread/INFO]: [SkinsRestorer] Using paper join listener!
[02:28:04] [Server thread/INFO]: [PlaceholderAPI] Successfully registered internal expansion: skinsrestorer [15.5.2]
[02:28:04] [Server thread/INFO]: [SkinsRestorer] PlaceholderAPI expansion registered!
[02:28:04] [Server thread/WARN]: **** SERVER IS RUNNING IN OFFLINE/INSECURE MODE!
[02:28:04] [Server thread/WARN]: The server will make no attempt to authenticate usernames. Beware.
[02:28:04] [Server thread/WARN]: While this makes the game possible to play without internet access, it also opens up the ability for hackers to connect with any username they choose.
[02:28:04] [Server thread/WARN]: To change this, set "online-mode" to "true" in the server.properties file.
[02:28:04] [Server thread/INFO]: Preparing level "world"
[02:28:04] [Folia Async Scheduler Thread #1/WARN]: [SkinsRestorer] Failed to get release info from api.github.com. 
 If this message is repeated a lot, please see https://skinsrestorer.net/firewall
[02:28:04] [Server thread/INFO]: Preparing start region for dimension minecraft:overworld
[02:28:05] [Server thread/INFO]: Time elapsed: 1277 ms
[02:28:05] [Server thread/INFO]: [ViaVersion] Enabling ViaVersion v5.2.1
[02:28:05] [Server thread/INFO]: [ViaVersion] ViaVersion detected server version: 1.21-1.21.1 (767)
[02:28:05] [Server thread/INFO]: [ViaBackwards] Enabling ViaBackwards v5.2.1
[02:28:05] [Server thread/INFO]: [PlaceholderAPI] Enabling PlaceholderAPI v2.11.6
[02:28:06] [Server thread/INFO]: [PlaceholderAPI] Fetching available expansion information...
[02:28:06] [Server thread/INFO]: [ClearLag] Enabling ClearLag v3.2.2
[02:28:06] [Server thread/INFO]: [ClearLag] Using version-adapter: LatestVersionAdapter
[02:28:06] [Server thread/INFO]: [ClearLag] Loading modules...
[02:28:06] [Server thread/WARN]: [ClearLag] Clearlag failed to use the internal TPS tracker during initialization. Reverted to estimation... (Index 3 out of bounds for length 3)
[02:28:06] [Server thread/INFO]: [ClearLag] Modules enabed, loading config values
[02:28:06] [Server thread/INFO]: [ClearLag] Modules have been loaded!
[02:28:06] [Server thread/INFO]: [ClearLag] Clearlag is now enabled!
[02:28:06] [Thread-11/WARN]: [ClearLag] Clearlag failed to check for updates - bukkit may be down
[02:28:06] [Thread-11/WARN]: java.lang.ArrayIndexOutOfBoundsException: Index 3 out of bounds for length 3
[02:28:06] [Thread-11/WARN]: 	at ClearLagg.jar//me.minebuilders.clearlag.Util.getBukkitVersion(Util.java:105)
[02:28:06] [Thread-11/WARN]: 	at ClearLagg.jar//me.minebuilders.clearlag.BukkitUpdater.updateAvailable(BukkitUpdater.java:32)
[02:28:06] [Thread-11/WARN]: 	at ClearLagg.jar//me.minebuilders.clearlag.BukkitUpdater.run(BukkitUpdater.java:82)
[02:28:06] [Thread-11/WARN]: 	at java.base/java.lang.Thread.run(Thread.java:1583)
[02:28:06] [Server thread/INFO]: [Essentials] Enabling Essentials v2.21.0-dev+162-ea3ea20
[02:28:06] [Server thread/ERROR]: [Essentials] You are running an unsupported server version!
[02:28:07] [Server thread/INFO]: [Essentials] Attempting to convert old kits in config.yml to new kits.yml
[02:28:07] [Server thread/INFO]: [Essentials] No kits found to migrate.
[02:28:07] [Server thread/INFO]: [Essentials] Selected 1.14.4+ Persistent Data Container Provider as the provider for PersistentDataProvider
[02:28:07] [Server thread/INFO]: [Essentials] Selected 1.20.4+ Damage Event Provider as the provider for DamageEventProvider
[02:28:07] [Server thread/INFO]: [Essentials] Selected 1.21+ InventoryView Interface ABI Provider as the provider for InventoryViewProvider
[02:28:07] [Server thread/INFO]: [Essentials] Selected Paper Known Commands Provider as the provider for KnownCommandsProvider
[02:28:07] [Server thread/INFO]: [Essentials] Selected Reflection Online Mode Provider as the provider for OnlineModeProvider
[02:28:07] [Server thread/INFO]: [Essentials] Selected Paper Material Tag Provider as the provider for MaterialTagProvider
[02:28:07] [Server thread/INFO]: [Essentials] Selected Paper Server State Provider as the provider for ServerStateProvider
[02:28:07] [Server thread/INFO]: [Essentials] Selected 1.13+ Spawn Egg Provider as the provider for SpawnEggProvider
[02:28:07] [Server thread/INFO]: [Essentials] Selected 1.11+ Item Unbreakable Provider as the provider for ItemUnbreakableProvider
[02:28:07] [Server thread/INFO]: [Essentials] Selected Reflection Formatted Command Alias Provider as the provider for FormattedCommandAliasProvider
[02:28:07] [Server thread/INFO]: [Essentials] Selected 1.17.1+ World Info Provider as the provider for WorldInfoProvider
[02:28:07] [Server thread/INFO]: [Essentials] Selected 1.8.3+ Spawner Item Provider as the provider for SpawnerItemProvider
[02:28:07] [Server thread/INFO]: [Essentials] Selected Paper Biome Key Provider as the provider for BiomeKeyProvider
[02:28:07] [Server thread/INFO]: [Essentials] Selected 1.12.2+ Player Locale Provider as the provider for PlayerLocaleProvider
[02:28:07] [Server thread/INFO]: [Essentials] Selected 1.14+ Sign Data Provider as the provider for SignDataProvider
[02:28:07] [Server thread/INFO]: [Essentials] Selected Reflection Sync Commands Provider as the provider for SyncCommandsProvider
[02:28:07] [Server thread/INFO]: [Essentials] Selected Paper Tick Count Provider as the provider for TickCountProvider
[02:28:07] [Server thread/INFO]: [Essentials] Selected Reflection Spawner Block Provider as the provider for SpawnerBlockProvider
[02:28:07] [Server thread/INFO]: [Essentials] Selected 1.20.5+ Banner Data Provider as the provider for BannerDataProvider
[02:28:07] [Server thread/INFO]: [Essentials] Selected 1.20.6+ Potion Meta Provider as the provider for PotionMetaProvider
[02:28:07] [Server thread/INFO]: [Essentials] Selected Paper Serialization Provider as the provider for SerializationProvider
[02:28:07] [Server thread/INFO]: [Essentials] Selected Paper Container Provider as the provider for ContainerProvider
[02:28:07] [Server thread/INFO]: [Essentials] Loaded 43465 items from items.json.
[02:28:07] [Server thread/INFO]: [Essentials] Using locale en
[02:28:07] [Server thread/INFO]: [Essentials] ServerListPingEvent: Spigot iterator API
[02:28:07] [Server thread/INFO]: [Essentials] Starting Metrics. Opt-out using the global bStats config.
[02:28:07] [Server thread/INFO]: [Vault] [Economy] Essentials Economy hooked.
[02:28:08] [Server thread/INFO]: [Essentials] Using superperms-based permissions.
[02:28:08] [Server thread/INFO]: [TAB] Enabling TAB v5.0.4
[02:28:08] [Server thread/INFO]: [TAB] Loaded NMS hook in 45ms
[02:28:08] [Server thread/INFO]: [TAB] Enabled in 225ms
[02:28:08] [Server thread/INFO]: [DamageIndicator] Enabling DamageIndicator v2.2.0
[02:28:08] [Server thread/INFO]: [DamageIndicator] Using server version accessor for 1.21.1
[02:28:08] [Server thread/INFO]: [playit-gg] Enabling playit-gg v0.1.4
[02:28:08] [Thread-12/INFO]: [gg.playit.minecraft.PlayitKeysSetup] secret key found, checking
[02:28:08] [Thread-12/INFO]: [gg.playit.minecraft.PlayitKeysSetup] check secret
[02:28:08] [Server thread/INFO]: [Multiverse-Core] Enabling Multiverse-Core v4.3.14
[02:28:08] [Server thread/WARN]: [Multiverse-Core] "Multiverse-Core v4.3.14" has registered a listener for org.bukkit.event.entity.EntityCreatePortalEvent on method "public void com.onarandombox.MultiverseCore.listeners.MVPortalListener.entityPortalCreate(org.bukkit.event.entity.EntityCreatePortalEvent)", but the event is Deprecated. "Server performance will be affected"; please notify the authors [dumptruckman, Rigby, fernferret, lithium3141, main--].
[02:28:08] [Server thread/INFO]: [Multiverse-Core] §aWe are aware of the warning about the deprecated event. There is no alternative that allows us to do what we need to do and performance impact is negligible. It is safe to ignore.
[02:28:09] [Server thread/INFO]: Preparing start region for dimension minecraft:world1
[02:28:09] [Server thread/INFO]: Time elapsed: 106 ms
[02:28:09] [Server thread/INFO]: [Multiverse-Core] 2 - World(s) loaded.
[02:28:09] [Server thread/WARN]: [Multiverse-Core] Buscript failed to load! The script command will be disabled! If you would like not to see this message, use `/mv conf enablebuscript false` to disable Buscript from loading.
[02:28:09] [Server thread/INFO]: [Multiverse-Core] Version 4.3.14 (API v24) Enabled - By dumptruckman, Rigby, fernferret, lithium3141 and main--
[02:28:09] [Server thread/INFO]: [SimpleScore] Enabling SimpleScore v3.12.6-dev
[02:28:09] [Server thread/INFO]: [SimpleScore] It looks like your server doesn't have ProtocolLib, install ProtocolLib for even better performance and compatibility with other plugins.
[02:28:09] [Server thread/INFO]: [SimpleScore] https://www.spigotmc.org/resources/protocollib.1997/
[02:28:09] [Server thread/INFO]: [PlaceholderAPI] Successfully registered internal expansion: SimpleScore [3.12.6-dev]
[02:28:09] [Server thread/INFO]: [ClearLagTimer] Enabling ClearLagTimer vBuild 36
[02:28:09] [Server thread/INFO]: [ClearLagTimer] Build 36, a free resource by Norska - Thanks for downloading!
[02:28:09] [Thread-12/INFO]: [gg.playit.minecraft.PlayitKeysSetup] found minecraft java tunnel: camera-daisy.joinmc.link
[02:28:09] [Thread-12/INFO]: [gg.playit.minecraft.PlayitManager] keys and tunnel setup
[02:28:09] [Thread-12/WARN]: [gg.playit.control.ChannelSetup] Got IO error working with :control.playit.gg/2602:fbaf:848:0:0:0:0:1, error : java.net.SocketException: Network is unreachable
[02:28:10] [Server thread/INFO]: [GSit] Enabling GSit v1.12.1
[02:28:10] [Server thread/INFO]: [PlaceholderAPI] Successfully registered internal expansion: gsit [1.12.1]
[02:28:10] [Server thread/INFO]: [GSit] The plugin was successfully enabled.
[02:28:10] [Server thread/INFO]: [GSit] Link with PlaceholderAPI successful!
[02:28:10] [Server thread/INFO]: [TerminatorPlus] Enabling TerminatorPlus v4.5.0-BETA
[02:28:10] [Server thread/INFO]: [TerminatorPlus] Running on version: 1.21.1, required version: 1.21.1, correct version: true
[02:28:10] [Thread-12/INFO]: [gg.playit.control.ChannelSetup] request queued, waiting 1 second before resend
[02:28:10] [Server thread/INFO]: [spark] Starting background profiler...
[02:28:10] [Server thread/INFO]: [PlaceholderAPI] Placeholder expansion registration initializing...
[02:28:10] [Server thread/INFO]: Done preparing level "world" (6.628s)
[02:28:10] [Server thread/INFO]: Running delayed init tasks
[02:28:10] [Server thread/INFO]: [Essentials] Essentials found a compatible payment resolution method: Vault Compatibility Layer (v1.7.3-b131)!
[02:28:10] [Craft Scheduler Thread - 2 - ViaVersion/INFO]: [ViaVersion] Finished mapping loading, shutting down loader executor.
[02:28:10] [Craft Scheduler Thread - 2 - Vault/INFO]: [Vault] Checking for Updates ... 
[02:28:10] [Craft Scheduler Thread - 0 - Essentials/INFO]: [Essentials] Fetching version information...
[02:28:10] [Craft Scheduler Thread - 2 - Vault/INFO]: [Vault] No new version available
[02:28:10] [Server thread/INFO]: [PlaceholderAPI] Successfully registered external expansion: server [2.7.3]
[02:28:10] [Server thread/INFO]: [PlaceholderAPI] Successfully registered external expansion: spark [1.0]
[02:28:10] [Server thread/INFO]: [PlaceholderAPI] Successfully registered external expansion: player [2.0.8]
[02:28:10] [Server thread/INFO]: 3 placeholder hook(s) registered! 1 placeholder hook(s) have an update available.
[02:28:10] [Server thread/INFO]: Done (20.770s)! For help, type "help"
[02:28:11] [Craft Scheduler Thread - 0 - Essentials/WARN]: [Essentials] Unable to check your version! Self-built? Build information: id:'ea3ea20' branch:'2.x' isDev:true.
[02:28:13] [Server thread/INFO]: [ClearLagTimer] Attempting hooks...
[02:28:13] [Server thread/INFO]: [ClearLagTimer] Hooked into PlaceholderAPI!
[02:28:13] [Server thread/INFO]: [PlaceholderAPI] Successfully registered internal expansion: clearlagtimer [Build 36]
[02:28:13] [Server thread/INFO]: [ClearLagTimer] Successfully performed 1 hooks!
[02:28:15] [Server thread/INFO]:  
[02:28:15] [Server thread/INFO]:  [ClearLagTimer] New update available!
[02:28:15] [Server thread/INFO]:  Current version: Build 36 with latest being 2024.12!
[02:28:15] [Server thread/INFO]:  
[02:28:15] [Server thread/INFO]:  SpigotMC -> https://norska.dev/r/spigot/clt/
[02:28:15] [Server thread/INFO]:  Polymart -> https://norska.dev/r/polymart/clt/
[02:28:15] [Server thread/INFO]:  
[02:29:18] [Paper Async Task Handler Thread - 1/INFO]: [⚡] Generating server health report...
[02:29:18] [Paper Async Task Handler Thread - 1/INFO]: 
> TPS from last 5s, 10s, 1m, 5m, 15m:
    20.0, 20.0, 20.0, *20.0, *20.0

> Tick durations (min/med/95%ile/max ms) from last 10s, 1m:
    0.1/0.2/0.3/5.7; 0.1/0.2/0.4/5.7

> CPU usage from last 10s, 1m, 15m:
    5%, 4%, 5%  (system)
    2%, 2%, 2%  (process)

> Memory usage:
    577.8 MB / 9.5 TB   (0%)
    [╻╻╻╻╻╻╻╻╻╻╻╻╻╻╻╻╻╻╻╻╻╻╻╻╻╻╻╻╻╻╻╻╻╻╻╻╻╻╻╻╻╻╻╻╻╻╻╻╻╻╻╻╻╻╻╻╻╻╻╻]

> Network usage: (system, last 15m)
    421.0 bytes/s / 3 pps (lo rx)
    421.0 bytes/s / 3 pps (lo tx)
    1.6 KB/s / 7 pps (eth0 rx)
    4.0 KB/s / 10 pps (eth0 tx)

> Disk usage:
    13.3 GB / 31.3 GB   (42%)
    [┃┃┃┃┃┃┃┃┃┃┃┃┃┃┃┃┃┃┃┃┃┃┃┃┃╻╻╻╻╻╻╻╻╻╻╻╻╻╻╻╻╻╻╻╻╻╻╻╻╻╻╻╻╻╻╻╻╻╻╻]

[02:32:11] [Thread-12/INFO]: [gg.playit.control.ChannelSetup] send keep alive
[02:34:09] [Thread-12/INFO]: [gg.playit.minecraft.PlayitManager] got new client: NewClient{connectAddr=147.185.221.194:41041, peerAddr=114.79.49.67:56548, claimAddress=209.25.142.2:40704, claimToken=[44, 0, 60, -109, -71, -35, -62, -96, 81, 114, 79, 49, 67, -36, -28, -104, -107, -77, -83, -97, 0, 103, -94, -50, 33, 0, 0, 0, 0, 0, 15, -105, 111, 0, 0, 0, 0, 0, 62, 16, -41, -13, -83, -97, 0, 0, 0, 0, 0, 18, 0, 0, 0, 0, 0, 0, 0, 7, 0, 1, 78, 10, 42, -58, 19, -56, -120, 31, 106, -110, -51, -12, -120, 123, -63, 41], tunnelServerId=7, dataCenterId=18}
[02:34:09] [Thread-12/INFO]: [gg.playit.minecraft.PlayitManager] starting tcp tunnel for client
[02:34:09] [Thread-12/INFO]: [gg.playit.minecraft.PlayitTcpTunnel] start connection to /209.25.142.2:40704 to claim client
[02:34:09] [nioEventLoopGroup-2-1/INFO]: [gg.playit.minecraft.PlayitTcpTunnel] connected to tunnel server, sending claim token
[02:34:09] [nioEventLoopGroup-2-1/INFO]: [gg.playit.minecraft.PlayitTcpTunnel] claim token sent
[02:34:09] [nioEventLoopGroup-2-1/INFO]: [gg.playit.minecraft.PlayitTcpTunnel] connection to tunnel server has been established
[02:34:09] [nioEventLoopGroup-2-1/INFO]: [gg.playit.minecraft.PlayitTcpTunnel] Reflect: ReflectionHelper{ServerConnection=class net.minecraft.server.network.ServerConnectionListener, LegacyPingHandler=class net.minecraft.server.network.LegacyQueryHandler, MinecraftServer=class net.minecraft.server.MinecraftServer, PacketSplitter=class net.minecraft.network.Varint21FrameDecoder, PacketDecoder=class net.minecraft.network.PacketDecoder, EnumProtocolDirection=class net.minecraft.network.protocol.PacketFlow, PacketPrepender=class net.minecraft.network.Varint21LengthFieldPrepender, PacketEncoder=class net.minecraft.network.PacketEncoder, NetworkManagerServer=class net.minecraft.network.RateKickingConnection, NetworkManager=class net.minecraft.network.Connection, HandshakeListener=class net.minecraft.server.network.ServerHandshakePacketListenerImpl, PacketListener=interface net.minecraft.network.PacketListener, CraftServer=class org.bukkit.craftbukkit.CraftServer}
[02:34:09] [nioEventLoopGroup-2-1/INFO]: [gg.playit.minecraft.PlayitTcpTunnel] legacyPingHandler is null
[02:34:09] [nioEventLoopGroup-2-1/INFO]: [gg.playit.minecraft.PlayitTcpTunnel] connecting to minecraft server at localhost/127.0.0.1:25565
[02:34:09] [nioEventLoopGroup-2-2/INFO]: [gg.playit.minecraft.PlayitTcpTunnel] connected to local minecraft server
[02:34:11] [Thread-12/INFO]: [gg.playit.minecraft.PlayitManager] got new client: NewClient{connectAddr=147.185.221.194:41041, peerAddr=114.79.49.67:56552, claimAddress=209.25.142.2:40704, claimToken=[44, 0, 60, -109, -71, -35, -62, -96, 81, 114, 79, 49, 67, -36, -24, 39, 63, 106, -98, -97, 0, 103, -94, -50, 35, 0, 0, 0, 0, 0, 15, -105, 111, 0, 0, 0, 0, 0, 62, 16, -41, -107, -98, -97, 0, 0, 0, 0, 0, 18, 0, 0, 0, 0, 0, 0, 0, 7, 0, 3, -87, 58, 86, -118, 107, 101, 37, -22, 13, -60, -37, -38, -68, 4, -90, -76], tunnelServerId=7, dataCenterId=18}
[02:34:11] [Thread-12/INFO]: [gg.playit.minecraft.PlayitManager] starting tcp tunnel for client
[02:34:11] [Thread-12/INFO]: [gg.playit.minecraft.PlayitTcpTunnel] start connection to /209.25.142.2:40704 to claim client
[02:34:11] [nioEventLoopGroup-2-3/INFO]: [gg.playit.minecraft.PlayitTcpTunnel] connected to tunnel server, sending claim token
[02:34:11] [nioEventLoopGroup-2-3/INFO]: [gg.playit.minecraft.PlayitTcpTunnel] claim token sent
[02:34:11] [nioEventLoopGroup-2-3/INFO]: [gg.playit.minecraft.PlayitTcpTunnel] connection to tunnel server has been established
[02:34:11] [nioEventLoopGroup-2-3/INFO]: [gg.playit.minecraft.PlayitTcpTunnel] Reflect: ReflectionHelper{ServerConnection=class net.minecraft.server.network.ServerConnectionListener, LegacyPingHandler=class net.minecraft.server.network.LegacyQueryHandler, MinecraftServer=class net.minecraft.server.MinecraftServer, PacketSplitter=class net.minecraft.network.Varint21FrameDecoder, PacketDecoder=class net.minecraft.network.PacketDecoder, EnumProtocolDirection=class net.minecraft.network.protocol.PacketFlow, PacketPrepender=class net.minecraft.network.Varint21LengthFieldPrepender, PacketEncoder=class net.minecraft.network.PacketEncoder, NetworkManagerServer=class net.minecraft.network.RateKickingConnection, NetworkManager=class net.minecraft.network.Connection, HandshakeListener=class net.minecraft.server.network.ServerHandshakePacketListenerImpl, PacketListener=interface net.minecraft.network.PacketListener, CraftServer=class org.bukkit.craftbukkit.CraftServer}
[02:34:11] [nioEventLoopGroup-2-3/INFO]: [gg.playit.minecraft.PlayitTcpTunnel] legacyPingHandler is null
[02:34:11] [nioEventLoopGroup-2-3/INFO]: [gg.playit.minecraft.PlayitTcpTunnel] connecting to minecraft server at localhost/127.0.0.1:25565
[02:34:11] [nioEventLoopGroup-2-4/INFO]: [gg.playit.minecraft.PlayitTcpTunnel] connected to local minecraft server
[02:34:13] [Thread-12/INFO]: [gg.playit.minecraft.PlayitManager] got new client: NewClient{connectAddr=147.185.221.194:41041, peerAddr=114.79.49.67:56562, claimAddress=209.25.142.2:40704, claimToken=[44, 0, 60, -109, -71, -35, -62, -96, 81, 114, 79, 49, 67, -36, -14, -92, -5, 63, -62, -97, 0, 103, -94, -50, 37, 0, 0, 0, 0, 0, 15, -105, 111, 0, 0, 0, 0, 0, 62, 16, -41, -110, -62, -97, 0, 0, 0, 0, 0, 18, 0, 0, 0, 0, 0, 0, 0, 7, 0, 4, -61, 75, 49, -74, 5, 39, -31, -65, 88, -116, -12, -52, 52, -128, -83, -26], tunnelServerId=7, dataCenterId=18}
[02:34:13] [Thread-12/INFO]: [gg.playit.minecraft.PlayitManager] starting tcp tunnel for client
[02:34:13] [Thread-12/INFO]: [gg.playit.minecraft.PlayitTcpTunnel] start connection to /209.25.142.2:40704 to claim client
[02:34:13] [nioEventLoopGroup-2-1/INFO]: [gg.playit.minecraft.PlayitTcpTunnel] connected to tunnel server, sending claim token
[02:34:13] [nioEventLoopGroup-2-1/INFO]: [gg.playit.minecraft.PlayitTcpTunnel] claim token sent
[02:34:13] [nioEventLoopGroup-2-1/INFO]: [gg.playit.minecraft.PlayitTcpTunnel] connection to tunnel server has been established
[02:34:13] [nioEventLoopGroup-2-1/INFO]: [gg.playit.minecraft.PlayitTcpTunnel] Reflect: ReflectionHelper{ServerConnection=class net.minecraft.server.network.ServerConnectionListener, LegacyPingHandler=class net.minecraft.server.network.LegacyQueryHandler, MinecraftServer=class net.minecraft.server.MinecraftServer, PacketSplitter=class net.minecraft.network.Varint21FrameDecoder, PacketDecoder=class net.minecraft.network.PacketDecoder, EnumProtocolDirection=class net.minecraft.network.protocol.PacketFlow, PacketPrepender=class net.minecraft.network.Varint21LengthFieldPrepender, PacketEncoder=class net.minecraft.network.PacketEncoder, NetworkManagerServer=class net.minecraft.network.RateKickingConnection, NetworkManager=class net.minecraft.network.Connection, HandshakeListener=class net.minecraft.server.network.ServerHandshakePacketListenerImpl, PacketListener=interface net.minecraft.network.PacketListener, CraftServer=class org.bukkit.craftbukkit.CraftServer}
[02:34:13] [nioEventLoopGroup-2-1/INFO]: [gg.playit.minecraft.PlayitTcpTunnel] legacyPingHandler is null
[02:34:13] [nioEventLoopGroup-2-1/INFO]: [gg.playit.minecraft.PlayitTcpTunnel] connecting to minecraft server at localhost/127.0.0.1:25565
[02:34:13] [nioEventLoopGroup-2-2/INFO]: [gg.playit.minecraft.PlayitTcpTunnel] connected to local minecraft server
[02:34:17] [Thread-12/INFO]: [gg.playit.minecraft.PlayitManager] got new client: NewClient{connectAddr=147.185.221.194:41041, peerAddr=114.79.49.67:56574, claimAddress=209.25.142.2:40704, claimToken=[44, 0, 60, -109, -71, -35, -62, -96, 81, 114, 79, 49, 67, -36, -2, 69, 109, -6, 8, -97, 0, 103, -94, -50, 41, 0, 0, 0, 0, 0, 15, -105, 111, 0, 0, 0, 0, 0, 62, 16, -41, -9, 8, -97, 0, 0, 0, 0, 0, 18, 0, 0, 0, 0, 0, 0, 0, 7, 0, 2, 126, 15, 112, -42, 58, 101, -23, -57, 41, -95, -115, 20, 19, -13, -60, -11], tunnelServerId=7, dataCenterId=18}
[02:34:17] [Thread-12/INFO]: [gg.playit.minecraft.PlayitManager] starting tcp tunnel for client
[02:34:17] [Thread-12/INFO]: [gg.playit.minecraft.PlayitTcpTunnel] start connection to /209.25.142.2:40704 to claim client
[02:34:17] [nioEventLoopGroup-2-3/INFO]: [gg.playit.minecraft.PlayitTcpTunnel] connected to tunnel server, sending claim token
[02:34:17] [nioEventLoopGroup-2-3/INFO]: [gg.playit.minecraft.PlayitTcpTunnel] claim token sent
[02:34:17] [nioEventLoopGroup-2-3/INFO]: [gg.playit.minecraft.PlayitTcpTunnel] connection to tunnel server has been established
[02:34:17] [nioEventLoopGroup-2-3/INFO]: [gg.playit.minecraft.PlayitTcpTunnel] Reflect: ReflectionHelper{ServerConnection=class net.minecraft.server.network.ServerConnectionListener, LegacyPingHandler=class net.minecraft.server.network.LegacyQueryHandler, MinecraftServer=class net.minecraft.server.MinecraftServer, PacketSplitter=class net.minecraft.network.Varint21FrameDecoder, PacketDecoder=class net.minecraft.network.PacketDecoder, EnumProtocolDirection=class net.minecraft.network.protocol.PacketFlow, PacketPrepender=class net.minecraft.network.Varint21LengthFieldPrepender, PacketEncoder=class net.minecraft.network.PacketEncoder, NetworkManagerServer=class net.minecraft.network.RateKickingConnection, NetworkManager=class net.minecraft.network.Connection, HandshakeListener=class net.minecraft.server.network.ServerHandshakePacketListenerImpl, PacketListener=interface net.minecraft.network.PacketListener, CraftServer=class org.bukkit.craftbukkit.CraftServer}
[02:34:17] [nioEventLoopGroup-2-3/INFO]: [gg.playit.minecraft.PlayitTcpTunnel] legacyPingHandler is null
[02:34:17] [nioEventLoopGroup-2-3/INFO]: [gg.playit.minecraft.PlayitTcpTunnel] connecting to minecraft server at localhost/127.0.0.1:25565
[02:34:17] [nioEventLoopGroup-2-4/INFO]: [gg.playit.minecraft.PlayitTcpTunnel] connected to local minecraft server
[02:34:21] [Thread-12/INFO]: [gg.playit.minecraft.PlayitManager] got new client: NewClient{connectAddr=147.185.221.194:41041, peerAddr=114.79.49.67:54502, claimAddress=209.25.142.2:40704, claimToken=[44, 0, 60, -109, -71, -35, -62, -96, 81, 114, 79, 49, 67, -44, -26, 24, -93, 52, 88, -97, 0, 103, -94, -50, 45, 0, 0, 0, 0, 0, 15, -105, 111, 0, 0, 0, 0, 0, 62, 16, -41, -29, 88, -97, 0, 0, 0, 0, 0, 18, 0, 0, 0, 0, 0, 0, 0, 7, 0, 1, -35, -116, 43, -110, 104, 65, -33, 37, 58, 84, 121, -54, -110, -73, -52, 121], tunnelServerId=7, dataCenterId=18}
[02:34:21] [Thread-12/INFO]: [gg.playit.minecraft.PlayitManager] starting tcp tunnel for client
[02:34:21] [Thread-12/INFO]: [gg.playit.minecraft.PlayitTcpTunnel] start connection to /209.25.142.2:40704 to claim client
[02:34:21] [nioEventLoopGroup-2-1/INFO]: [gg.playit.minecraft.PlayitTcpTunnel] connected to tunnel server, sending claim token
[02:34:21] [nioEventLoopGroup-2-1/INFO]: [gg.playit.minecraft.PlayitTcpTunnel] claim token sent
[02:34:21] [nioEventLoopGroup-2-1/INFO]: [gg.playit.minecraft.PlayitTcpTunnel] connection to tunnel server has been established
[02:34:21] [nioEventLoopGroup-2-1/INFO]: [gg.playit.minecraft.PlayitTcpTunnel] Reflect: ReflectionHelper{ServerConnection=class net.minecraft.server.network.ServerConnectionListener, LegacyPingHandler=class net.minecraft.server.network.LegacyQueryHandler, MinecraftServer=class net.minecraft.server.MinecraftServer, PacketSplitter=class net.minecraft.network.Varint21FrameDecoder, PacketDecoder=class net.minecraft.network.PacketDecoder, EnumProtocolDirection=class net.minecraft.network.protocol.PacketFlow, PacketPrepender=class net.minecraft.network.Varint21LengthFieldPrepender, PacketEncoder=class net.minecraft.network.PacketEncoder, NetworkManagerServer=class net.minecraft.network.RateKickingConnection, NetworkManager=class net.minecraft.network.Connection, HandshakeListener=class net.minecraft.server.network.ServerHandshakePacketListenerImpl, PacketListener=interface net.minecraft.network.PacketListener, CraftServer=class org.bukkit.craftbukkit.CraftServer}
[02:34:21] [nioEventLoopGroup-2-1/INFO]: [gg.playit.minecraft.PlayitTcpTunnel] legacyPingHandler is null
[02:34:21] [nioEventLoopGroup-2-1/INFO]: [gg.playit.minecraft.PlayitTcpTunnel] connecting to minecraft server at localhost/127.0.0.1:25565
[02:34:21] [nioEventLoopGroup-2-2/INFO]: [gg.playit.minecraft.PlayitTcpTunnel] connected to local minecraft server
[02:34:24] [Thread-12/INFO]: [gg.playit.minecraft.PlayitManager] got new client: NewClient{connectAddr=147.185.221.194:41041, peerAddr=114.79.49.67:54518, claimAddress=209.25.142.2:40704, claimToken=[44, 0, 60, -109, -71, -35, -62, -96, 81, 114, 79, 49, 67, -44, -10, 1, -48, 126, -69, -97, 0, 103, -94, -50, 48, 0, 0, 0, 0, 0, 15, -105, 111, 0, 0, 0, 0, 0, 62, 16, -41, 115, -69, -97, 0, 0, 0, 0, 0, 18, 0, 0, 0, 0, 0, 0, 0, 7, 0, 4, 72, 125, 5, 36, 120, -52, -96, 41, 18, -75, -1, 104, 98, -41, 120, -94], tunnelServerId=7, dataCenterId=18}
[02:34:24] [Thread-12/INFO]: [gg.playit.minecraft.PlayitManager] starting tcp tunnel for client
[02:34:24] [Thread-12/INFO]: [gg.playit.minecraft.PlayitTcpTunnel] start connection to /209.25.142.2:40704 to claim client
[02:34:24] [nioEventLoopGroup-2-3/INFO]: [gg.playit.minecraft.PlayitTcpTunnel] connected to tunnel server, sending claim token
[02:34:24] [nioEventLoopGroup-2-3/INFO]: [gg.playit.minecraft.PlayitTcpTunnel] claim token sent
[02:34:24] [nioEventLoopGroup-2-3/INFO]: [gg.playit.minecraft.PlayitTcpTunnel] connection to tunnel server has been established
[02:34:24] [nioEventLoopGroup-2-3/INFO]: [gg.playit.minecraft.PlayitTcpTunnel] Reflect: ReflectionHelper{ServerConnection=class net.minecraft.server.network.ServerConnectionListener, LegacyPingHandler=class net.minecraft.server.network.LegacyQueryHandler, MinecraftServer=class net.minecraft.server.MinecraftServer, PacketSplitter=class net.minecraft.network.Varint21FrameDecoder, PacketDecoder=class net.minecraft.network.PacketDecoder, EnumProtocolDirection=class net.minecraft.network.protocol.PacketFlow, PacketPrepender=class net.minecraft.network.Varint21LengthFieldPrepender, PacketEncoder=class net.minecraft.network.PacketEncoder, NetworkManagerServer=class net.minecraft.network.RateKickingConnection, NetworkManager=class net.minecraft.network.Connection, HandshakeListener=class net.minecraft.server.network.ServerHandshakePacketListenerImpl, PacketListener=interface net.minecraft.network.PacketListener, CraftServer=class org.bukkit.craftbukkit.CraftServer}
[02:34:24] [nioEventLoopGroup-2-3/INFO]: [gg.playit.minecraft.PlayitTcpTunnel] legacyPingHandler is null
[02:34:24] [nioEventLoopGroup-2-3/INFO]: [gg.playit.minecraft.PlayitTcpTunnel] connecting to minecraft server at localhost/127.0.0.1:25565
[02:34:24] [nioEventLoopGroup-2-4/INFO]: [gg.playit.minecraft.PlayitTcpTunnel] connected to local minecraft server
[02:34:25] [User Authenticator #0/INFO]: UUID of player ManzEndXD is d57c6ccf-de6b-3f3f-bc25-832647d188d1
[02:34:25] [nioEventLoopGroup-2-3/WARN]: [gg.playit.minecraft.PlayitTcpTunnel] failed to send data to tunnel
[02:34:25] [Server thread/INFO]: Connection closed during protocol change
[02:34:25] [Server thread/INFO]: Connection closed during protocol change
[02:34:25] [Server thread/INFO]: com.mojang.authlib.GameProfile@45999883[id=d57c6ccf-de6b-3f3f-bc25-832647d188d1,name=ManzEndXD,properties={textures=[Property[name=textures, value=ewogICJ0aW1lc3RhbXAiIDogMTczNTAzMTg0MDk5OCwKICAicHJvZmlsZUlkIiA6ICJiZmMyODE3ZWRhZWM0OWY5YTVmMWVkNTdjODZhMGFjOSIsCiAgInByb2ZpbGVOYW1lIiA6ICJFYm95UmV6YSIsCiAgInNpZ25hdHVyZVJlcXVpcmVkIiA6IHRydWUsCiAgInRleHR1cmVzIiA6IHsKICAgICJTS0lOIiA6IHsKICAgICAgInVybCIgOiAiaHR0cDovL3RleHR1cmVzLm1pbmVjcmFmdC5uZXQvdGV4dHVyZS85NWI2YzcxMDMyZjU5NzhkNDkzZGE4MGExNDYxY2Q3YzZkOGNiNmY5MjNkZGE2MGUwOTY0ZWVhZDVlMjBhYzBlIgogICAgfQogIH0KfQ==, signature=otVB1gw9W22hUQQcHR6XYq4gXgip/IgeQvsJZbiONPeMhuD+/gh61DSP+HAijrOjUkzM4BMwkRU4YPVE8NgC1eow/H7Pc9/p+8CfEvYUdGcKE7p1no8fX2MyJjdvNiEVKCkH+xNWVBnG2l+Xi2r+3dDwxOmsoeBeghSVSN8El78Dk+WlDtxCAwRNO6K5IwhMPAYBBrORI0ZAbwILqO77tZOMAd1BWjf7UaQ1yg3OSzrT7kEXyKeEhZq/3+FfcK8qHKOKMd4jO+VqtPC5+uVfYny2FuFY5BLSmBNQ1U6z2eP9PxLKrSjoUfFaxgoV82WHcazCZXhkAZQS10YDtv+LuMRi8HVWso+DuwUz4u8d/NIcnSGV5zl8VSqS5Rc3esaOtWzFDKQww6L/BNWBRIAzOZmpcKc8fltmbzfVqGTSk4EX71IUiAgE1tX5VV/k99kU1152bLw4Zms+tAKaw8ST5A+/M7FgOrO+JTJccV+5rCeKBICLWBVy8eF96G/mSVqhdZzDt5mTXLoLrE1kGu3y+zal6UC7Mr1sTrrqRkW3l4hyiMbjecyB0dfB1yssH9Mi0RL/xtGedIb9rJBvpvfsWZf5NFig9Woc7BZp4IlSiqbdq6I5USxDqnthaO8GQInCaUwDh/AlmiCAX5xYkL7h08VwkFx67FltRzxHk9u8aVg=]]}] lost connection: Disconnected
[02:34:26] [Thread-12/INFO]: [gg.playit.minecraft.PlayitManager] got new client: NewClient{connectAddr=147.185.221.194:41041, peerAddr=114.79.49.67:54520, claimAddress=209.25.142.2:40704, claimToken=[44, 0, 60, -109, -71, -35, -62, -96, 81, 114, 79, 49, 67, -44, -8, 32, 68, -61, 81, -97, 0, 103, -94, -50, 50, 0, 0, 0, 0, 0, 15, -105, 111, 0, 0, 0, 0, 0, 62, 16, -41, -6, 81, -97, 0, 0, 0, 0, 0, 18, 0, 0, 0, 0, 0, 0, 0, 7, 0, 2, 9, 32, -37, 78, 1, -48, -46, 12, -109, 33, -50, -24, -112, -19, 4, -6], tunnelServerId=7, dataCenterId=18}
[02:34:26] [Thread-12/INFO]: [gg.playit.minecraft.PlayitManager] starting tcp tunnel for client
[02:34:26] [Thread-12/INFO]: [gg.playit.minecraft.PlayitTcpTunnel] start connection to /209.25.142.2:40704 to claim client
[02:34:26] [nioEventLoopGroup-2-1/INFO]: [gg.playit.minecraft.PlayitTcpTunnel] connected to tunnel server, sending claim token
[02:34:26] [nioEventLoopGroup-2-1/INFO]: [gg.playit.minecraft.PlayitTcpTunnel] claim token sent
[02:34:26] [nioEventLoopGroup-2-1/INFO]: [gg.playit.minecraft.PlayitTcpTunnel] connection to tunnel server has been established
[02:34:26] [nioEventLoopGroup-2-1/INFO]: [gg.playit.minecraft.PlayitTcpTunnel] Reflect: ReflectionHelper{ServerConnection=class net.minecraft.server.network.ServerConnectionListener, LegacyPingHandler=class net.minecraft.server.network.LegacyQueryHandler, MinecraftServer=class net.minecraft.server.MinecraftServer, PacketSplitter=class net.minecraft.network.Varint21FrameDecoder, PacketDecoder=class net.minecraft.network.PacketDecoder, EnumProtocolDirection=class net.minecraft.network.protocol.PacketFlow, PacketPrepender=class net.minecraft.network.Varint21LengthFieldPrepender, PacketEncoder=class net.minecraft.network.PacketEncoder, NetworkManagerServer=class net.minecraft.network.RateKickingConnection, NetworkManager=class net.minecraft.network.Connection, HandshakeListener=class net.minecraft.server.network.ServerHandshakePacketListenerImpl, PacketListener=interface net.minecraft.network.PacketListener, CraftServer=class org.bukkit.craftbukkit.CraftServer}
[02:34:26] [nioEventLoopGroup-2-1/INFO]: [gg.playit.minecraft.PlayitTcpTunnel] legacyPingHandler is null
[02:34:26] [nioEventLoopGroup-2-1/INFO]: [gg.playit.minecraft.PlayitTcpTunnel] connecting to minecraft server at localhost/127.0.0.1:25565
[02:34:26] [nioEventLoopGroup-2-2/INFO]: [gg.playit.minecraft.PlayitTcpTunnel] connected to local minecraft server
[02:34:26] [User Authenticator #0/INFO]: UUID of player ManzEndXD is d57c6ccf-de6b-3f3f-bc25-832647d188d1
[02:34:26] [Netty Epoll Server IO #3/WARN]: [ViaVersion] (1.17->1.16.4) Increased world height is NOT SUPPORTED for 1.16 players and below. They will see a void below y 0 and above 256. You can enable the `bedrock-at-y-0` config option to replace the air with a bedrock layer.
[02:34:26] [TAB Processing Thread/INFO]: [TAB] [WARN] Player ManzEndXD's group (none) is not in sorting list! Sorting list: owner,admin,mod,helper,builder,vip,default. Player will be sorted on the bottom.
[02:34:26] [Server thread/INFO]: ManzEndXD joined the game
[02:34:27] [Server thread/INFO]: ManzEndXD[/127.0.0.1:35528] logged in with entity id 11 at ([world]60.8719438163804, 112.0, -129.6228038858753)
[02:34:47] [Server thread/INFO]: ManzEndXD issued server command: /spark healthreport
[02:34:50] [Server thread/WARN]: [SimpleScore] Task #8424 for SimpleScore v3.12.6-dev generated an exception
java.lang.IndexOutOfBoundsException: Index: 1, Size: 1
	at java.base/java.util.Collections$SingletonList.get(Collections.java:5179) ~[?:?]
	at SimpleScore-3.12.5.jar/com.r4g3baby.simplescore.scoreboard.models.PlayerLine.getShouldRender(PlayerLine.kt:22) ~[SimpleScore-3.12.5.jar:?]
	at SimpleScore-3.12.5.jar/com.r4g3baby.simplescore.scoreboard.tasks.ScoreboardTask.getPlayerScoreboard(ScoreboardTask.kt:125) ~[SimpleScore-3.12.5.jar:?]
	at SimpleScore-3.12.5.jar/com.r4g3baby.simplescore.scoreboard.tasks.ScoreboardTask.getPlayerScoreboards(ScoreboardTask.kt:102) ~[SimpleScore-3.12.5.jar:?]
	at SimpleScore-3.12.5.jar/com.r4g3baby.simplescore.scoreboard.tasks.ScoreboardTask.run$lambda$8(ScoreboardTask.kt:76) ~[SimpleScore-3.12.5.jar:?]
	at org.bukkit.craftbukkit.scheduler.CraftTask.run(CraftTask.java:86) ~[purpur-1.21.1.jar:1.21.1-2329-803bf62]
	at org.bukkit.craftbukkit.scheduler.CraftScheduler.mainThreadHeartbeat(CraftScheduler.java:475) ~[purpur-1.21.1.jar:1.21.1-2329-803bf62]
	at net.minecraft.server.MinecraftServer.tickChildren(MinecraftServer.java:1770) ~[purpur-1.21.1.jar:1.21.1-2329-803bf62]
	at net.minecraft.server.dedicated.DedicatedServer.tickChildren(DedicatedServer.java:513) ~[purpur-1.21.1.jar:1.21.1-2329-803bf62]
	at net.minecraft.server.MinecraftServer.tickServer(MinecraftServer.java:1642) ~[purpur-1.21.1.jar:1.21.1-2329-803bf62]
	at net.minecraft.server.MinecraftServer.runServer(MinecraftServer.java:1342) ~[purpur-1.21.1.jar:1.21.1-2329-803bf62]
	at net.minecraft.server.MinecraftServer.lambda$spin$0(MinecraftServer.java:333) ~[purpur-1.21.1.jar:1.21.1-2329-803bf62]
	at java.base/java.lang.Thread.run(Thread.java:1583) ~[?:?]
[02:36:14] [Thread-12/INFO]: [gg.playit.control.ChannelSetup] send keep alive
[02:36:20] [Server thread/WARN]: [SimpleScore] Task #10316 for SimpleScore v3.12.6-dev generated an exception
java.lang.IndexOutOfBoundsException: Index 2 out of bounds for length 2
	at java.base/jdk.internal.util.Preconditions.outOfBounds(Preconditions.java:100) ~[?:?]
	at java.base/jdk.internal.util.Preconditions.outOfBoundsCheckIndex(Preconditions.java:106) ~[?:?]
	at java.base/jdk.internal.util.Preconditions.checkIndex(Preconditions.java:302) ~[?:?]
	at java.base/java.util.Objects.checkIndex(Objects.java:385) ~[?:?]
	at java.base/java.util.ArrayList.get(ArrayList.java:427) ~[?:?]
	at SimpleScore-3.12.5.jar/com.r4g3baby.simplescore.scoreboard.models.PlayerLine.getCurrentText(PlayerLine.kt:13) ~[SimpleScore-3.12.5.jar:?]
	at SimpleScore-3.12.5.jar/com.r4g3baby.simplescore.scoreboard.tasks.ScoreboardTask.getPlayerScoreboard(ScoreboardTask.kt:136) ~[SimpleScore-3.12.5.jar:?]
	at SimpleScore-3.12.5.jar/com.r4g3baby.simplescore.scoreboard.tasks.ScoreboardTask.getPlayerScoreboards(ScoreboardTask.kt:102) ~[SimpleScore-3.12.5.jar:?]
	at SimpleScore-3.12.5.jar/com.r4g3baby.simplescore.scoreboard.tasks.ScoreboardTask.run$lambda$8(ScoreboardTask.kt:76) ~[SimpleScore-3.12.5.jar:?]
	at org.bukkit.craftbukkit.scheduler.CraftTask.run(CraftTask.java:86) ~[purpur-1.21.1.jar:1.21.1-2329-803bf62]
	at org.bukkit.craftbukkit.scheduler.CraftScheduler.mainThreadHeartbeat(CraftScheduler.java:475) ~[purpur-1.21.1.jar:1.21.1-2329-803bf62]
	at net.minecraft.server.MinecraftServer.tickChildren(MinecraftServer.java:1770) ~[purpur-1.21.1.jar:1.21.1-2329-803bf62]
	at net.minecraft.server.dedicated.DedicatedServer.tickChildren(DedicatedServer.java:513) ~[purpur-1.21.1.jar:1.21.1-2329-803bf62]
	at net.minecraft.server.MinecraftServer.tickServer(MinecraftServer.java:1642) ~[purpur-1.21.1.jar:1.21.1-2329-803bf62]
	at net.minecraft.server.MinecraftServer.runServer(MinecraftServer.java:1342) ~[purpur-1.21.1.jar:1.21.1-2329-803bf62]
	at net.minecraft.server.MinecraftServer.lambda$spin$0(MinecraftServer.java:333) ~[purpur-1.21.1.jar:1.21.1-2329-803bf62]
	at java.base/java.lang.Thread.run(Thread.java:1583) ~[?:?]
[02:37:43] [Server thread/INFO]: ManzEndXD issued server command: /spark healthreport
[02:38:52] [Server thread/INFO]: ManzEndXD issued server command: /neofetch
[02:40:14] [Thread-12/INFO]: [gg.playit.control.ChannelSetup] send keep alive
[02:44:14] [Thread-12/INFO]: [gg.playit.control.ChannelSetup] send keep alive
[02:48:15] [Thread-12/INFO]: [gg.playit.control.ChannelSetup] send keep alive
[02:48:45] [Server thread/INFO]: ManzEndXD issued server command: /sit
[02:52:03] [Server thread/INFO]: ManzEndXD issued server command: /sit
[02:52:06] [Server thread/INFO]: ManzEndXD issued server command: /sit
[02:52:10] [Server thread/INFO]: ManzEndXD issued server command: /sit
[02:52:11] [Server thread/INFO]: ManzEndXD issued server command: /sit
[02:52:13] [Server thread/INFO]: ManzEndXD issued server command: /sit
[02:52:14] [Server thread/INFO]: ManzEndXD issued server command: /sit
[02:52:15] [Thread-12/INFO]: [gg.playit.control.ChannelSetup] send keep alive
[02:52:16] [Server thread/INFO]: ManzEndXD issued server command: /sit
[02:52:46] [Server thread/INFO]: ManzEndXD issued server command: /bot settings setgoal nearestmob
[02:52:58] [Server thread/INFO]: ManzEndXD issued server command: /bot settings addplayerlist true
[02:53:13] [Server thread/INFO]: ManzEndXD issued server command: /bot settings mobtarget true
[02:53:31] [Server thread/INFO]: ManzEndXD issued server command: /bot multi 2 manz
[02:53:33] [Server thread/INFO]: [Essentials] Created a User for manz (b36247f5-edf2-4962-9847-616134a4a7c8) for non Bukkit type: org.bukkit.craftbukkit.entity.CraftPlayer
[02:53:33] [Server thread/INFO]: [Essentials] Created a User for manz (426b4dac-8660-4375-ad0a-222398c788fc) for non Bukkit type: org.bukkit.craftbukkit.entity.CraftPlayer
[02:53:40] [Server thread/INFO]: ManzEndXD issued server command: /bot reset
[02:54:28] [Server thread/INFO]: ManzEndXD issued server command: /bot settings setgoal nearestbotdiffer
[02:54:31] [Server thread/INFO]: ManzEndXD issued server command: /bot multi 2 manz
[02:54:33] [Server thread/INFO]: [Essentials] Created a User for manz (7a530753-8b2d-4ecc-acf7-0aa14c3cc4e0) for non Bukkit type: org.bukkit.craftbukkit.entity.CraftPlayer
[02:54:33] [Server thread/INFO]: [Essentials] Created a User for manz (67112d58-efc6-406f-bb4c-f41ca3cccbb3) for non Bukkit type: org.bukkit.craftbukkit.entity.CraftPlayer
[02:54:41] [Server thread/INFO]: ManzEndXD issued server command: /bot multi 2 man
[02:54:42] [Server thread/INFO]: [Essentials] Created a User for man (9f26dabf-4977-43d1-a21a-ffbb5586fe63) for non Bukkit type: org.bukkit.craftbukkit.entity.CraftPlayer
[02:54:42] [Server thread/INFO]: [Essentials] Created a User for man (c992f1d1-0cf5-4131-b6c8-4dc127e2cbe5) for non Bukkit type: org.bukkit.craftbukkit.entity.CraftPlayer
[02:54:55] [Server thread/INFO]: ManzEndXD issued server command: /bot reset
[02:55:13] [Server thread/INFO]: ManzEndXD issued server command: /gmc
[02:55:41] [Server thread/INFO]: ManzEndXD issued server command: /gms
[02:56:15] [Thread-12/INFO]: [gg.playit.control.ChannelSetup] send keep alive
[02:57:27] [Server thread/INFO]: ManzEndXD issued server command: /bot multi 10 ManzEndXD
[02:57:28] [Server thread/INFO]: [Essentials] Created a User for ManzEndXD (7dd8ff5e-329a-4b6f-b62d-878c05500b3d) for non Bukkit type: org.bukkit.craftbukkit.entity.CraftPlayer
[02:57:28] [Server thread/INFO]: [Essentials] Created a User for ManzEndXD (e636c9c1-4942-440d-8e34-6ea1d72e5901) for non Bukkit type: org.bukkit.craftbukkit.entity.CraftPlayer
[02:57:28] [Server thread/INFO]: [Essentials] Created a User for ManzEndXD (296684d5-dd3c-4019-9983-bbdc15bad1ec) for non Bukkit type: org.bukkit.craftbukkit.entity.CraftPlayer
[02:57:28] [Server thread/INFO]: [Essentials] Created a User for ManzEndXD (4a059e7e-d140-41b1-9053-0c438cd54790) for non Bukkit type: org.bukkit.craftbukkit.entity.CraftPlayer
[02:57:28] [Server thread/INFO]: [Essentials] Created a User for ManzEndXD (c53d1474-80f1-40c6-9add-7fbc8c58c5ea) for non Bukkit type: org.bukkit.craftbukkit.entity.CraftPlayer
[02:57:28] [Server thread/WARN]: [Essentials] Essentials will not log any more warnings for org.bukkit.craftbukkit.entity.CraftPlayer. Please report this to the EssentialsX team.
[02:57:51] [Server thread/INFO]: ManzEndXD issued server command: /bot multi 10 .Ndaaa910
[02:58:19] [Server thread/INFO]: ManzEndXD issued server command: /bot give wooden_axe
[02:58:26] [Server thread/INFO]: .Ndaaa910 was slain by ManzEndXD
[02:58:26] [Server thread/INFO]: ManzEndXD was slain by .Ndaaa910
[02:58:26] [Server thread/INFO]: ManzEndXD was slain by .Ndaaa910
[02:58:26] [Server thread/INFO]: .Ndaaa910 was slain by ManzEndXD
[02:58:26] [Server thread/INFO]: .Ndaaa910 was slain by ManzEndXD
[02:58:26] [Server thread/INFO]: .Ndaaa910 was slain by ManzEndXD
[02:58:26] [Server thread/INFO]: ManzEndXD was slain by .Ndaaa910
[02:58:26] [Server thread/INFO]: ManzEndXD was slain by .Ndaaa910
[02:58:27] [Server thread/INFO]: .Ndaaa910 was slain by ManzEndXD
[02:58:27] [Server thread/INFO]: ManzEndXD was slain by .Ndaaa910
[02:58:27] [Server thread/INFO]: ManzEndXD was slain by .Ndaaa910
[02:58:31] [Server thread/INFO]: .Ndaaa910 was slain by ManzEndXD
[02:58:34] [Server thread/INFO]: .Ndaaa910 was slain by ManzEndXD
[02:58:36] [Server thread/INFO]: ManzEndXD was slain by .Ndaaa910
[02:58:36] [Server thread/INFO]: .Ndaaa910 was slain by ManzEndXD
[02:58:37] [Server thread/INFO]: .Ndaaa910 was slain by ManzEndXD
[02:59:01] [Server thread/INFO]: .Ndaaa910 was slain by ManzEndXD
[02:59:18] [Server thread/INFO]: ManzEndXD issued server command: /bot multi 10 .Ndaaa910
[02:59:30] [Server thread/INFO]: .Ndaaa910 was slain by ManzEndXD
[02:59:32] [Server thread/INFO]: .Ndaaa910 was slain by ManzEndXD
[02:59:33] [Server thread/INFO]: .Ndaaa910 was slain by ManzEndXD
[02:59:36] [Server thread/INFO]: .Ndaaa910 was slain by ManzEndXD
[02:59:36] [Server thread/INFO]: .Ndaaa910 was slain by ManzEndXD
[02:59:41] [Server thread/INFO]: .Ndaaa910 was slain by ManzEndXD
[02:59:43] [Server thread/INFO]: .Ndaaa910 was slain by ManzEndXD
[03:00:01] [Server thread/INFO]: ManzEndXD issued server command: /bot reset
[03:00:12] [Server thread/INFO]: ManzEndXD issued server command: /bot multi 10 ManzEndXD
[03:00:16] [Thread-12/INFO]: [gg.playit.control.ChannelSetup] send keep alive
[03:00:18] [Server thread/INFO]: ManzEndXD issued server command: /bot give wooden_axe
[03:00:23] [Server thread/INFO]: ManzEndXD issued server command: /bot multi 100 .Ndaaa910
[03:00:32] [Server thread/INFO]: .Ndaaa910 was slain by ManzEndXD
[03:00:32] [Server thread/INFO]: .Ndaaa910 was slain by ManzEndXD
[03:00:35] [Server thread/INFO]: .Ndaaa910 was slain by ManzEndXD
[03:00:36] [Server thread/INFO]: .Ndaaa910 was slain by ManzEndXD
[03:00:36] [Server thread/INFO]: .Ndaaa910 was slain by ManzEndXD
[03:00:37] [Server thread/INFO]: .Ndaaa910 was slain by ManzEndXD
[03:00:37] [Server thread/INFO]: .Ndaaa910 was slain by ManzEndXD
[03:00:38] [Server thread/INFO]: .Ndaaa910 was slain by ManzEndXD
[03:00:39] [Server thread/INFO]: .Ndaaa910 was slain by ManzEndXD
[03:00:40] [Server thread/INFO]: .Ndaaa910 was slain by ManzEndXD
[03:00:40] [Server thread/INFO]: .Ndaaa910 was slain by ManzEndXD
[03:00:40] [Server thread/INFO]: .Ndaaa910 was slain by ManzEndXD
[03:00:41] [Server thread/INFO]: .Ndaaa910 was slain by ManzEndXD
[03:00:41] [Server thread/INFO]: .Ndaaa910 was slain by ManzEndXD
[03:00:42] [Server thread/INFO]: .Ndaaa910 was slain by ManzEndXD
[03:00:42] [Server thread/INFO]: .Ndaaa910 was slain by ManzEndXD
[03:00:42] [Server thread/INFO]: .Ndaaa910 was slain by ManzEndXD
[03:00:42] [Server thread/INFO]: .Ndaaa910 was slain by ManzEndXD
[03:00:42] [Server thread/INFO]: .Ndaaa910 was slain by ManzEndXD
[03:00:43] [Server thread/INFO]: .Ndaaa910 was slain by ManzEndXD
[03:00:43] [Server thread/INFO]: .Ndaaa910 was slain by ManzEndXD
[03:00:43] [Server thread/INFO]: .Ndaaa910 was slain by ManzEndXD
[03:00:43] [Server thread/INFO]: .Ndaaa910 was slain by ManzEndXD
[03:00:43] [Server thread/INFO]: .Ndaaa910 was slain by ManzEndXD
[03:00:44] [Server thread/INFO]: .Ndaaa910 was slain by ManzEndXD
[03:00:44] [Server thread/INFO]: .Ndaaa910 was slain by ManzEndXD
[03:00:44] [Server thread/INFO]: .Ndaaa910 was slain by ManzEndXD
[03:00:44] [Server thread/INFO]: .Ndaaa910 was slain by ManzEndXD
[03:00:45] [Server thread/INFO]: .Ndaaa910 was slain by ManzEndXD
[03:00:46] [Server thread/INFO]: .Ndaaa910 was slain by ManzEndXD
[03:00:46] [Server thread/INFO]: .Ndaaa910 was slain by ManzEndXD
[03:00:46] [Server thread/INFO]: .Ndaaa910 was slain by ManzEndXD
[03:00:46] [Server thread/INFO]: .Ndaaa910 was slain by ManzEndXD
[03:00:47] [Server thread/INFO]: .Ndaaa910 was slain by ManzEndXD
[03:00:47] [Server thread/INFO]: .Ndaaa910 was slain by ManzEndXD
[03:00:47] [Server thread/INFO]: .Ndaaa910 was slain by ManzEndXD
[03:00:48] [Server thread/INFO]: .Ndaaa910 was slain by ManzEndXD
[03:00:48] [Server thread/INFO]: .Ndaaa910 was slain by ManzEndXD
[03:00:48] [Server thread/INFO]: .Ndaaa910 was slain by ManzEndXD
[03:00:49] [Server thread/INFO]: .Ndaaa910 was slain by ManzEndXD
[03:00:49] [Server thread/INFO]: .Ndaaa910 was slain by ManzEndXD
[03:00:50] [Server thread/INFO]: .Ndaaa910 was slain by ManzEndXD
[03:00:50] [Server thread/INFO]: .Ndaaa910 was slain by ManzEndXD
[03:00:50] [Server thread/INFO]: .Ndaaa910 was slain by ManzEndXD
[03:00:50] [Server thread/INFO]: .Ndaaa910 was slain by ManzEndXD
[03:00:51] [Server thread/INFO]: .Ndaaa910 was slain by ManzEndXD
[03:00:51] [Server thread/INFO]: .Ndaaa910 was slain by ManzEndXD
[03:00:51] [Server thread/INFO]: .Ndaaa910 was slain by ManzEndXD
[03:00:52] [Server thread/INFO]: .Ndaaa910 was slain by ManzEndXD
[03:00:52] [Server thread/INFO]: .Ndaaa910 was slain by ManzEndXD
[03:00:52] [Server thread/INFO]: .Ndaaa910 was slain by ManzEndXD
[03:00:52] [Server thread/INFO]: .Ndaaa910 was slain by ManzEndXD
[03:00:52] [Server thread/INFO]: .Ndaaa910 was slain by ManzEndXD
[03:00:52] [Server thread/INFO]: .Ndaaa910 was slain by ManzEndXD
[03:00:53] [Server thread/INFO]: .Ndaaa910 was slain by ManzEndXD
[03:00:53] [Server thread/INFO]: .Ndaaa910 was slain by ManzEndXD
[03:00:53] [Server thread/INFO]: .Ndaaa910 was slain by ManzEndXD
[03:00:53] [Server thread/INFO]: .Ndaaa910 was slain by ManzEndXD
[03:00:54] [Server thread/INFO]: .Ndaaa910 was slain by ManzEndXD
[03:00:54] [Server thread/INFO]: .Ndaaa910 was slain by ManzEndXD
[03:00:54] [Server thread/INFO]: .Ndaaa910 was slain by ManzEndXD
[03:00:54] [Server thread/INFO]: .Ndaaa910 was slain by ManzEndXD
[03:00:54] [Server thread/INFO]: .Ndaaa910 was slain by ManzEndXD
[03:00:54] [Server thread/INFO]: .Ndaaa910 was slain by ManzEndXD
[03:00:55] [Server thread/INFO]: .Ndaaa910 was slain by ManzEndXD
[03:00:55] [Server thread/INFO]: .Ndaaa910 was slain by ManzEndXD
[03:00:55] [Server thread/INFO]: .Ndaaa910 was slain by ManzEndXD
[03:00:55] [Server thread/INFO]: .Ndaaa910 was slain by ManzEndXD
[03:00:55] [Server thread/INFO]: .Ndaaa910 was slain by ManzEndXD
[03:00:56] [Server thread/INFO]: .Ndaaa910 was slain by ManzEndXD
[03:00:57] [Server thread/INFO]: .Ndaaa910 was slain by ManzEndXD
[03:00:57] [Server thread/INFO]: .Ndaaa910 was slain by ManzEndXD
[03:00:57] [Server thread/INFO]: .Ndaaa910 was slain by ManzEndXD
[03:00:57] [Server thread/INFO]: .Ndaaa910 was slain by ManzEndXD
[03:00:57] [Server thread/INFO]: .Ndaaa910 was slain by ManzEndXD
[03:00:57] [Server thread/INFO]: .Ndaaa910 was slain by ManzEndXD
[03:00:57] [Server thread/INFO]: .Ndaaa910 was slain by ManzEndXD
[03:00:57] [Server thread/INFO]: .Ndaaa910 was slain by ManzEndXD
[03:00:58] [Server thread/INFO]: .Ndaaa910 was slain by ManzEndXD
[03:00:59] [Server thread/INFO]: .Ndaaa910 was slain by ManzEndXD
[03:00:59] [Server thread/INFO]: .Ndaaa910 was slain by ManzEndXD
[03:01:00] [Server thread/INFO]: .Ndaaa910 was slain by ManzEndXD
[03:01:00] [Server thread/INFO]: .Ndaaa910 was slain by ManzEndXD
[03:01:00] [Server thread/INFO]: .Ndaaa910 was slain by ManzEndXD
[03:01:00] [Server thread/INFO]: .Ndaaa910 was slain by ManzEndXD
[03:01:00] [Server thread/INFO]: .Ndaaa910 was slain by ManzEndXD
[03:01:01] [Server thread/INFO]: .Ndaaa910 was slain by ManzEndXD
[03:01:02] [Server thread/INFO]: .Ndaaa910 was slain by ManzEndXD
[03:01:02] [Server thread/INFO]: .Ndaaa910 was slain by ManzEndXD
[03:01:02] [Server thread/INFO]: .Ndaaa910 was slain by ManzEndXD
[03:01:04] [Server thread/INFO]: .Ndaaa910 was slain by ManzEndXD
[03:01:05] [Server thread/INFO]: .Ndaaa910 was slain by ManzEndXD
[03:01:06] [Server thread/INFO]: .Ndaaa910 was slain by ManzEndXD
[03:01:06] [Server thread/INFO]: .Ndaaa910 was slain by ManzEndXD
[03:01:07] [Server thread/INFO]: .Ndaaa910 was slain by ManzEndXD
[03:01:07] [Server thread/INFO]: .Ndaaa910 was slain by ManzEndXD
[03:01:08] [Server thread/INFO]: .Ndaaa910 was slain by ManzEndXD
[03:01:08] [Server thread/INFO]: .Ndaaa910 was slain by ManzEndXD
[03:01:10] [Server thread/INFO]: .Ndaaa910 was slain by ManzEndXD
[03:01:11] [Server thread/INFO]: .Ndaaa910 was slain by ManzEndXD
[03:01:28] [nioEventLoopGroup-2-1/WARN]: [gg.playit.minecraft.PlayitTcpTunnel] failed to send data to tunnel
[03:01:28] [Server thread/INFO]: ManzEndXD lost connection: Disconnected
[03:01:28] [Server thread/INFO]: ManzEndXD left the game
[03:01:30] [Thread-12/INFO]: [gg.playit.minecraft.PlayitManager] got new client: NewClient{connectAddr=147.185.221.194:41041, peerAddr=114.79.49.67:35188, claimAddress=209.25.142.2:40704, claimToken=[44, 0, 60, -109, -71, -35, -62, -96, 81, 114, 79, 49, 67, -119, 116, 115, 65, 62, 60, -97, 0, 103, -94, -44, -118, 0, 0, 0, 0, 0, 15, -105, 111, 0, 0, 0, 0, 0, 62, 16, -41, -9, 60, -97, 0, 0, 0, 0, 0, 18, 0, 0, 0, 0, 0, 0, 0, 7, 0, 3, -100, -20, 23, 113, -23, 92, 28, 31, -1, 56, -4, 2, 46, 121, -120, -111], tunnelServerId=7, dataCenterId=18}
[03:01:30] [Thread-12/INFO]: [gg.playit.minecraft.PlayitManager] starting tcp tunnel for client
[03:01:30] [Thread-12/INFO]: [gg.playit.minecraft.PlayitTcpTunnel] start connection to /209.25.142.2:40704 to claim client
[03:01:30] [nioEventLoopGroup-2-3/INFO]: [gg.playit.minecraft.PlayitTcpTunnel] connected to tunnel server, sending claim token
[03:01:30] [nioEventLoopGroup-2-3/INFO]: [gg.playit.minecraft.PlayitTcpTunnel] claim token sent
[03:01:30] [nioEventLoopGroup-2-3/INFO]: [gg.playit.minecraft.PlayitTcpTunnel] connection to tunnel server has been established
[03:01:30] [nioEventLoopGroup-2-3/INFO]: [gg.playit.minecraft.PlayitTcpTunnel] Reflect: ReflectionHelper{ServerConnection=class net.minecraft.server.network.ServerConnectionListener, LegacyPingHandler=class net.minecraft.server.network.LegacyQueryHandler, MinecraftServer=class net.minecraft.server.MinecraftServer, PacketSplitter=class net.minecraft.network.Varint21FrameDecoder, PacketDecoder=class net.minecraft.network.PacketDecoder, EnumProtocolDirection=class net.minecraft.network.protocol.PacketFlow, PacketPrepender=class net.minecraft.network.Varint21LengthFieldPrepender, PacketEncoder=class net.minecraft.network.PacketEncoder, NetworkManagerServer=class net.minecraft.network.RateKickingConnection, NetworkManager=class net.minecraft.network.Connection, HandshakeListener=class net.minecraft.server.network.ServerHandshakePacketListenerImpl, PacketListener=interface net.minecraft.network.PacketListener, CraftServer=class org.bukkit.craftbukkit.CraftServer}
[03:01:30] [nioEventLoopGroup-2-3/INFO]: [gg.playit.minecraft.PlayitTcpTunnel] legacyPingHandler is null
[03:01:30] [nioEventLoopGroup-2-3/INFO]: [gg.playit.minecraft.PlayitTcpTunnel] connecting to minecraft server at localhost/127.0.0.1:25565
[03:01:30] [nioEventLoopGroup-2-4/INFO]: [gg.playit.minecraft.PlayitTcpTunnel] connected to local minecraft server
[03:03:11] [Server thread/INFO]: [Essentials] CONSOLE issued server command: /list 
[03:03:11] [Server thread/INFO]: There are 10 out of maximum 2,025 players online.
[03:03:11] [Server thread/INFO]: default: ManzEndXD, ManzEndXD, ManzEndXD, ManzEndXD, ManzEndXD, ManzEndXD, ManzEndXD, ManzEndXD, ManzEndXD, ManzEndXD
[03:03:22] [Paper Async Task Handler Thread - 0/INFO]: [⚡] Generating server health report...
[03:03:22] [Paper Async Task Handler Thread - 0/INFO]: 
> TPS from last 5s, 10s, 1m, 5m, 15m:
    20.0, 20.0, 20.0, 20.0, 20.0

> Tick durations (min/med/95%ile/max ms) from last 10s, 1m:
    0.7/1.0/1.7/1.9; 0.7/0.9/1.7/11.5

> CPU usage from last 10s, 1m, 15m:
    9%, 9%, 7%  (system)
    2%, 2%, 5%  (process)

> Memory usage:
    1.9 GB / 9.5 TB   (0%)
    [╻╻╻╻╻╻╻╻╻╻╻╻╻╻╻╻╻╻╻╻╻╻╻╻╻╻╻╻╻╻╻╻╻╻╻╻╻╻╻╻╻╻╻╻╻╻╻╻╻╻╻╻╻╻╻╻╻╻╻╻]

> Network usage: (system, last 15m)
    45.6 KB/s / 68 pps (lo rx)
    45.6 KB/s / 68 pps (lo tx)
    7.1 KB/s / 51 pps (eth0 rx)
    54.3 KB/s / 52 pps (eth0 tx)

> Disk usage:
    13.3 GB / 31.3 GB   (42%)
    [┃┃┃┃┃┃┃┃┃┃┃┃┃┃┃┃┃┃┃┃┃┃┃┃┃╻╻╻╻╻╻╻╻╻╻╻╻╻╻╻╻╻╻╻╻╻╻╻╻╻╻╻╻╻╻╻╻╻╻╻]

[03:04:18] [Thread-12/INFO]: [gg.playit.control.ChannelSetup] send keep alive
